Archive member included because of file (symbol)

/home/qxd/dm365/dvsdk_dm365_4_02_00_06/dmai_2_20_00_15/packages/ti/sdo/dmai/lib/dmai_linux_dm365.a470MV(Buffer.dm365.o470MV)
                              appMain.dm365.o470MV (Buffer_Attrs_DEFAULT)
/home/qxd/dm365/dvsdk_dm365_4_02_00_06/dmai_2_20_00_15/packages/ti/sdo/dmai/lib/dmai_linux_dm365.a470MV(BufferGfx.dm365.o470MV)
                              appMain.dm365.o470MV (BufferGfx_Attrs_DEFAULT)
/home/qxd/dm365/dvsdk_dm365_4_02_00_06/dmai_2_20_00_15/packages/ti/sdo/dmai/lib/dmai_linux_dm365.a470MV(ColorSpace.dm365.o470MV)
                              /home/qxd/dm365/dvsdk_dm365_4_02_00_06/dmai_2_20_00_15/packages/ti/sdo/dmai/lib/dmai_linux_dm365.a470MV(BufferGfx.dm365.o470MV) (ColorSpace_getBpp)
/home/qxd/dm365/dvsdk_dm365_4_02_00_06/dmai_2_20_00_15/packages/ti/sdo/dmai/lib/dmai_linux_dm365.a470MV(VideoStd.dm365.o470MV)
                              /home/qxd/dm365/dvsdk_dm365_4_02_00_06/dmai_2_20_00_15/packages/ti/sdo/dmai/lib/dmai_linux_dm365.a470MV(BufferGfx.dm365.o470MV) (VideoStd_getResolution)
/home/qxd/dm365/dvsdk_dm365_4_02_00_06/dmai_2_20_00_15/packages/ti/sdo/dmai/lib/dmai_linux_dm365.a470MV(Idec1.dm365.o470MV)
                              appMain.dm365.o470MV (Idec1_Params_DEFAULT)
/home/qxd/dm365/dvsdk_dm365_4_02_00_06/dmai_2_20_00_15/packages/ti/sdo/dmai/lib/dmai_linux_dm365.a470MV(Dmai.dm365.o470MV)
                              /home/qxd/dm365/dvsdk_dm365_4_02_00_06/dmai_2_20_00_15/packages/ti/sdo/dmai/lib/dmai_linux_dm365.a470MV(Buffer.dm365.o470MV) (ti_sdo_dmai_GTMask)
/home/qxd/dm365/dvsdk_dm365_4_02_00_06/codec-engine_2_26_02_11/packages/ti/sdo/ce/image1/lib/release/imgdec1.av5T(imgdec1.ov5T)
                              /home/qxd/dm365/dvsdk_dm365_4_02_00_06/dmai_2_20_00_15/packages/ti/sdo/dmai/lib/dmai_linux_dm365.a470MV(Idec1.dm365.o470MV) (IMGDEC1_control)
/home/qxd/dm365/dvsdk_dm365_4_02_00_06/codec-engine_2_26_02_11/packages/ti/sdo/ce/lib/release/ce.av5T(Server.ov5T)
                              /home/qxd/dm365/dvsdk_dm365_4_02_00_06/dmai_2_20_00_15/packages/ti/sdo/dmai/apps/image_decode_io1/linux/image_decode_io1_dm365_config/package/cfg/image_decode_io1_dm365_xv5T.ov5T (Server_init)
/home/qxd/dm365/dvsdk_dm365_4_02_00_06/codec-engine_2_26_02_11/packages/ti/sdo/ce/lib/release/ce.av5T(Engine.ov5T)
                              /home/qxd/dm365/dvsdk_dm365_4_02_00_06/codec-engine_2_26_02_11/packages/ti/sdo/ce/lib/release/ce.av5T(Server.ov5T) (Engine_getServerAlgInfo)
/home/qxd/dm365/dvsdk_dm365_4_02_00_06/codec-engine_2_26_02_11/packages/ti/sdo/ce/lib/release/ce.av5T(visa.ov5T)
                              /home/qxd/dm365/dvsdk_dm365_4_02_00_06/codec-engine_2_26_02_11/packages/ti/sdo/ce/image1/lib/release/imgdec1.av5T(imgdec1.ov5T) (VISA_getAlgFxns)
/home/qxd/dm365/dvsdk_dm365_4_02_00_06/codec-engine_2_26_02_11/packages/ti/sdo/ce/lib/release/ce.av5T(package_ti.sdo.ce.ov5T)
                              /home/qxd/dm365/dvsdk_dm365_4_02_00_06/codec-engine_2_26_02_11/packages/ti/sdo/ce/lib/release/ce.av5T(Engine.ov5T) (ti_sdo_ce__versionString)
/home/qxd/dm365/dvsdk_dm365_4_02_00_06/codec-engine_2_26_02_11/packages/ti/sdo/ce/alg/lib/release/Algorithm_noOS.av5T(Algorithm_noOS.ov5T)
                              /home/qxd/dm365/dvsdk_dm365_4_02_00_06/codec-engine_2_26_02_11/packages/ti/sdo/ce/lib/release/ce.av5T(visa.ov5T) (Algorithm_getAlgHandle)
/home/qxd/dm365/dvsdk_dm365_4_02_00_06/codec-engine_2_26_02_11/packages/ti/sdo/ce/alg/lib/release/alg.av5T(alg_create.ov5T)
                              /home/qxd/dm365/dvsdk_dm365_4_02_00_06/codec-engine_2_26_02_11/packages/ti/sdo/ce/alg/lib/release/Algorithm_noOS.av5T(Algorithm_noOS.ov5T) (ALG_delete)
/home/qxd/dm365/dvsdk_dm365_4_02_00_06/codec-engine_2_26_02_11/packages/ti/sdo/ce/alg/lib/release/alg.av5T(alg_malloc.ov5T)
                              /home/qxd/dm365/dvsdk_dm365_4_02_00_06/codec-engine_2_26_02_11/packages/ti/sdo/ce/alg/lib/release/alg.av5T(alg_create.ov5T) (_ALG_freeMemory2)
/home/qxd/dm365/dvsdk_dm365_4_02_00_06/codec-engine_2_26_02_11/packages/ti/sdo/ce/ipc/linux/lib/release/ipc_linux.av5T(Processor_posix.ov5T)
                              /home/qxd/dm365/dvsdk_dm365_4_02_00_06/dmai_2_20_00_15/packages/ti/sdo/dmai/apps/image_decode_io1/linux/image_decode_io1_dm365_config/package/cfg/image_decode_io1_dm365_xv5T.ov5T (Processor_init)
/home/qxd/dm365/dvsdk_dm365_4_02_00_06/codec-engine_2_26_02_11/packages/ti/sdo/ce/ipc/linux/lib/release/ipc_linux.av5T(Comm_posix.ov5T)
                              /home/qxd/dm365/dvsdk_dm365_4_02_00_06/codec-engine_2_26_02_11/packages/ti/sdo/ce/lib/release/ce.av5T(visa.ov5T) (Comm_getMsgSize)
/home/qxd/dm365/dvsdk_dm365_4_02_00_06/codec-engine_2_26_02_11/packages/ti/sdo/ce/osal/linux/lib/release/osal_linux_470.av5T(LockMP_posix.ov5T)
[...]
Memory Configuration

Name             Origin             Length             Attributes
*default*        0x00000000         0xffffffff

Linker script and memory map

LOAD /opt/4.3.2/bin/../arm-none-linux-gnueabi/libc/usr/lib/crt1.o
LOAD /opt/4.3.2/bin/../arm-none-linux-gnueabi/libc/usr/lib/crti.o
LOAD /opt/4.3.2/bin/../lib/gcc/arm-none-linux-gnueabi/4.3.2/crtbegin.o
LOAD /opt/4.3.2/bin/../arm-none-linux-gnueabi/libc/usr/lib/libpthread.so
START GROUP
LOAD /opt/4.3.2/bin/../arm-none-linux-gnueabi/libc/lib/libpthread.so.0
LOAD /opt/4.3.2/bin/../arm-none-linux-gnueabi/libc/usr/lib/libpthread_nonshared.a
END GROUP
LOAD /opt/4.3.2/bin/../arm-none-linux-gnueabi/libc/usr/lib/libm.so
LOAD appMain.dm365.o470MV
LOAD linux/main.dm365.o470MV
LOAD linux/image_decode_io1_dm365_config/linker.cmd
LOAD /home/qxd/dm365/dvsdk_dm365_4_02_00_06/dmai_2_20_00_15/packages/ti/sdo/dmai/apps/image_decode_io1/linux/image_decode_io1_dm365_config/package/cfg/image_decode_io1_dm365_xv5T.ov5T
LOAD /home/qxd/dm365/dvsdk_dm365_4_02_00_06/dmai_2_20_00_15/packages/ti/sdo/dmai/lib/dmai_linux_dm365.a470MV
LOAD /home/qxd/dm365/dvsdk_dm365_4_02_00_06/codec-engine_2_26_02_11/packages/ti/sdo/ce/image1/lib/release/imgdec1.av5T
LOAD /home/qxd/dm365/dvsdk_dm365_4_02_00_06/codec-engine_2_26_02_11/packages/ti/sdo/ce/image1/lib/release/imgenc1.av5T
LOAD /home/qxd/dm365/dvsdk_dm365_4_02_00_06/codec-engine_2_26_02_11/packages/ti/sdo/ce/image/lib/release/image.av5T
LOAD /home/qxd/dm365/dvsdk_dm365_4_02_00_06/codec-engine_2_26_02_11/packages/ti/sdo/ce/video2/lib/release/viddec2.av5T
LOAD /home/qxd/dm365/dvsdk_dm365_4_02_00_06/codec-engine_2_26_02_11/packages/ti/sdo/ce/video1/lib/release/viddec1.av5T
LOAD /home/qxd/dm365/dvsdk_dm365_4_02_00_06/codec-engine_2_26_02_11/packages/ti/sdo/ce/video1/lib/release/videnc1.av5T
LOAD /home/qxd/dm365/dvsdk_dm365_4_02_00_06/codec-engine_2_26_02_11/packages/ti/sdo/ce/video/lib/release/video.av5T
LOAD /home/qxd/dm365/dvsdk_dm365_4_02_00_06/codec-engine_2_26_02_11/packages/ti/sdo/ce/audio1/lib/release/auddec1.av5T
LOAD /home/qxd/dm365/dvsdk_dm365_4_02_00_06/codec-engine_2_26_02_11/packages/ti/sdo/ce/audio1/lib/release/audenc1.av5T
LOAD /home/qxd/dm365/dvsdk_dm365_4_02_00_06/codec-engine_2_26_02_11/packages/ti/sdo/ce/audio/lib/release/audio.av5T
LOAD /home/qxd/dm365/dvsdk_dm365_4_02_00_06/codec-engine_2_26_02_11/packages/ti/sdo/ce/speech1/lib/release/sphdec1.av5T
LOAD /home/qxd/dm365/dvsdk_dm365_4_02_00_06/codec-engine_2_26_02_11/packages/ti/sdo/ce/speech1/lib/release/sphenc1.av5T
LOAD /home/qxd/dm365/dvsdk_dm365_4_02_00_06/codec-engine_2_26_02_11/packages/ti/sdo/ce/speech/lib/release/speech.av5T
LOAD /home/qxd/dm365/dvsdk_dm365_4_02_00_06/codec-engine_2_26_02_11/packages/ti/sdo/ce/lib/release/ce.av5T
LOAD /home/qxd/dm365/dvsdk_dm365_4_02_00_06/codec-engine_2_26_02_11/packages/ti/sdo/ce/alg/lib/release/Algorithm_noOS.av5T
LOAD /home/qxd/dm365/dvsdk_dm365_4_02_00_06/codec-engine_2_26_02_11/packages/ti/sdo/ce/alg/lib/release/alg.av5T
LOAD /home/qxd/dm365/dvsdk_dm365_4_02_00_06/codec-engine_2_26_02_11/packages/ti/sdo/ce/ipc/linux/lib/release/ipc_linux.av5T
LOAD /home/qxd/dm365/dvsdk_dm365_4_02_00_06/codec-engine_2_26_02_11/packages/ti/sdo/ce/osal/linux/lib/release/osal_linux_470.av5T
LOAD /home/qxd/dm365/dvsdk_dm365_4_02_00_06/framework-components_2_26_00_01/packages/ti/sdo/fc/acpy3/lib/release/acpy3.a470MV
LOAD /home/qxd/dm365/dvsdk_dm365_4_02_00_06/framework-components_2_26_00_01/packages/ti/sdo/fc/dman3/lib/release/dman3Cfg.a470MV
LOAD /home/qxd/dm365/dvsdk_dm365_4_02_00_06/codec-engine_2_26_02_11/packages/ti/sdo/ce/node/lib/release/node.av5T
LOAD /home/qxd/dm365/dvsdk_dm365_4_02_00_06/codec-engine_2_26_02_11/packages/ti/sdo/ce/utils/xdm/lib/release/XdmUtils.av5T
LOAD /home/qxd/dm365/dvsdk_dm365_4_02_00_06/codecs-dm365_4_02_00_00/packages/ti/sdo/codecs/jpegdec/lib/libjpgdec.a
LOAD /home/qxd/dm365/dvsdk_dm365_4_02_00_06/codecs-dm365_4_02_00_00/packages/ti/sdo/codecs/jpegdec/lib/libimx.a
LOAD /home/qxd/dm365/dvsdk_dm365_4_02_00_06/framework-components_2_26_00_01/packages/ti/sdo/fc/vicpsync/lib/release/vicpsync.av5T
LOAD /home/qxd/dm365/dvsdk_dm365_4_02_00_06/framework-components_2_26_00_01/packages/ti/sdo/fc/ires/vicp/lib/release/vicp.av5T
LOAD /home/qxd/dm365/dvsdk_dm365_4_02_00_06/framework-components_2_26_00_01/packages/ti/sdo/fc/ires/grouputils/lib/release/grouputils.av5T
LOAD /home/qxd/dm365/dvsdk_dm365_4_02_00_06/framework-components_2_26_00_01/packages/ti/sdo/fc/ires/edma3chan/lib/release/edma3Chan.av5T
LOAD /home/qxd/dm365/dvsdk_dm365_4_02_00_06/framework-components_2_26_00_01/packages/ti/sdo/fc/edma3/lib/release/edma3.av5T
LOAD /home/qxd/dm365/dvsdk_dm365_4_02_00_06/framework-components_2_26_00_01/packages/ti/sdo/fc/rman/lib/release/rman.av5T
LOAD /home/qxd/dm365/dvsdk_dm365_4_02_00_06/framework-components_2_26_00_01/packages/ti/sdo/fc/ires/nullresource/lib/release/nullres.av5T
LOAD /home/qxd/dm365/dvsdk_dm365_4_02_00_06/framework-components_2_26_00_01/packages/ti/sdo/fc/hdvicpsync/lib/release/hdvicpsync.av5T
LOAD /home/qxd/dm365/dvsdk_dm365_4_02_00_06/framework-components_2_26_00_01/packages/ti/sdo/utils/trace/lib/release/gt.av5T
LOAD /home/qxd/dm365/dvsdk_dm365_4_02_00_06/framework-components_2_26_00_01/packages/ti/sdo/fc/ires/hdvicp/lib/release/hdvicp.av5T
LOAD /home/qxd/dm365/dvsdk_dm365_4_02_00_06/linuxutils_2_26_01_02/packages/ti/sdo/linuxutils/vicp/lib/vicp.a470MV
LOAD /home/qxd/dm365/dvsdk_dm365_4_02_00_06/framework-components_2_26_00_01/packages/ti/sdo/fc/utils/lib/release/rmm.av5T
LOAD /home/qxd/dm365/dvsdk_dm365_4_02_00_06/framework-components_2_26_00_01/packages/ti/sdo/fc/utils/lib/release/smgr.av5T
LOAD /home/qxd/dm365/dvsdk_dm365_4_02_00_06/framework-components_2_26_00_01/packages/ti/sdo/fc/utils/lib/release/rmmp.av5T
LOAD /home/qxd/dm365/dvsdk_dm365_4_02_00_06/framework-components_2_26_00_01/packages/ti/sdo/fc/utils/lib/release/smgrmp.av5T
LOAD /home/qxd/dm365/dvsdk_dm365_4_02_00_06/framework-components_2_26_00_01/packages/ti/sdo/fc/utils/lib/release/shm.av5T
LOAD /home/qxd/dm365/dvsdk_dm365_4_02_00_06/framework-components_2_26_00_01/packages/ti/sdo/fc/ires/addrspace/lib/release/addrspace.av5T
LOAD /home/qxd/dm365/dvsdk_dm365_4_02_00_06/framework-components_2_26_00_01/packages/ti/sdo/fc/memutils/lib/release/memutils.av5T
LOAD /home/qxd/dm365/dvsdk_dm365_4_02_00_06/linuxutils_2_26_01_02/packages/ti/sdo/linuxutils/cmem/lib/cmem.a470MV
LOAD /home/qxd/dm365/dvsdk_dm365_4_02_00_06/linuxutils_2_26_01_02/packages/ti/sdo/linuxutils/edma/lib/edma.a470MV
LOAD /home/qxd/dm365/dvsdk_dm365_4_02_00_06/xdctools_3_16_03_36/packages/gnu/targets/arm/rtsv5T/lib/gnu.targets.arm.rtsv5T.av5T
LOAD /opt/4.3.2/bin/../lib/gcc/arm-none-linux-gnueabi/4.3.2/libgcc.a
LOAD /opt/4.3.2/bin/../arm-none-linux-gnueabi/libc/lib/libgcc_s.so
LOAD /opt/4.3.2/bin/../arm-none-linux-gnueabi/libc/usr/lib/libc.so
START GROUP
LOAD /opt/4.3.2/bin/../arm-none-linux-gnueabi/libc/lib/libc.so.6
LOAD /opt/4.3.2/bin/../arm-none-linux-gnueabi/libc/usr/lib/libc_nonshared.a
LOAD /opt/4.3.2/bin/../arm-none-linux-gnueabi/libc/lib/ld-linux.so.3
END GROUP
LOAD /opt/4.3.2/bin/../lib/gcc/arm-none-linux-gnueabi/4.3.2/libgcc.a
LOAD /opt/4.3.2/bin/../arm-none-linux-gnueabi/libc/lib/libgcc_s.so
LOAD /opt/4.3.2/bin/../lib/gcc/arm-none-linux-gnueabi/4.3.2/crtend.o
LOAD /opt/4.3.2/bin/../arm-none-linux-gnueabi/libc/usr/lib/crtn.o
                0x00008000                PROVIDE (__executable_start, 0x8000)
                0x00008134                . = (0x8000 + SIZEOF_HEADERS)

.interp         0x00008134       0x13
 *(.interp)
 .interp        0x00008134       0x13 /opt/4.3.2/bin/../arm-none-linux-gnueabi/libc/usr/lib/crti.o

.note.ABI-tag   0x00008148       0x20
 .note.ABI-tag  0x00008148       0x20 /opt/4.3.2/bin/../arm-none-linux-gnueabi/libc/usr/lib/crt1.o

.note.gnu.build-id
 *(.note.gnu.build-id)

.hash           0x00008168      0x4f8
 *(.hash)
 .hash          0x00008168      0x4f8 /opt/4.3.2/bin/../arm-none-linux-gnueabi/libc/usr/lib/crti.o

.gnu.hash
 *(.gnu.hash)

.dynsym         0x00008660      0xb90
 *(.dynsym)
 .dynsym        0x00008660      0xb90 /opt/4.3.2/bin/../arm-none-linux-gnueabi/libc/usr/lib/crti.o

.dynstr         0x000091f0      0xc26
 *(.dynstr)
 .dynstr        0x000091f0      0xc26 /opt/4.3.2/bin/../arm-none-linux-gnueabi/libc/usr/lib/crti.o

.gnu.version    0x00009e16      0x172
 *(.gnu.version)
 .gnu.version   0x00009e16      0x172 /opt/4.3.2/bin/../arm-none-linux-gnueabi/libc/usr/lib/crti.o

.gnu.version_d  0x00009f88        0x0
 *(.gnu.version_d)
 .gnu.version_d
                0x00000000        0x0 /opt/4.3.2/bin/../arm-none-linux-gnueabi/libc/usr/lib/crti.o

.gnu.version_r  0x00009f88       0x60
 *(.gnu.version_r)
 .gnu.version_r
                0x00009f88       0x60 /opt/4.3.2/bin/../arm-none-linux-gnueabi/libc/usr/lib/crti.o

.rel.dyn        0x00009fe8      0x2e0
 *(.rel.init)
 *(.rel.text .rel.text.* .rel.gnu.linkonce.t.*)
 *(.rel.fini)
 *(.rel.rodata .rel.rodata.* .rel.gnu.linkonce.r.*)
 *(.rel.data.rel.ro* .rel.gnu.linkonce.d.rel.ro.*)
 *(.rel.data .rel.data.* .rel.gnu.linkonce.d.*)
 *(.rel.tdata .rel.tdata.* .rel.gnu.linkonce.td.*)
 *(.rel.tbss .rel.tbss.* .rel.gnu.linkonce.tb.*)
 *(.rel.ctors)
 *(.rel.dtors)
 *(.rel.got)
 .rel.got       0x00009fe8      0x2c0 /opt/4.3.2/bin/../arm-none-linux-gnueabi/libc/usr/lib/crti.o
 *(.rel.bss .rel.bss.* .rel.gnu.linkonce.b.*)
 .rel.bss       0x0000a2a8       0x20 /opt/4.3.2/bin/../arm-none-linux-gnueabi/libc/usr/lib/crti.o

.rela.dyn
 *(.rela.init)
 *(.rela.text .rela.text.* .rela.gnu.linkonce.t.*)
 *(.rela.fini)
 *(.rela.rodata .rela.rodata.* .rela.gnu.linkonce.r.*)
 *(.rela.data .rela.data.* .rela.gnu.linkonce.d.*)
 *(.rela.tdata .rela.tdata.* .rela.gnu.linkonce.td.*)
 *(.rela.tbss .rela.tbss.* .rela.gnu.linkonce.tb.*)
 *(.rela.ctors)
 *(.rela.dtors)
 *(.rela.got)
 *(.rela.bss .rela.bss.* .rela.gnu.linkonce.b.*)

.rel.plt        0x0000a2c8      0x2e0
 *(.rel.plt)
 .rel.plt       0x0000a2c8      0x2e0 /opt/4.3.2/bin/../arm-none-linux-gnueabi/libc/usr/lib/crti.o

.rela.plt
 *(.rela.plt)

.init           0x0000a5a8        0xc
 *(.init)
 .init          0x0000a5a8        0x8 /opt/4.3.2/bin/../arm-none-linux-gnueabi/libc/usr/lib/crti.o
                0x0000a5a8                _init
 .init          0x0000a5b0        0x4 /opt/4.3.2/bin/../arm-none-linux-gnueabi/libc/usr/lib/crtn.o

.plt            0x0000a5b4      0x464
 *(.plt)
 .plt           0x0000a5b4      0x464 /opt/4.3.2/bin/../arm-none-linux-gnueabi/libc/usr/lib/crti.o
                0x0000a5c8                open@@GLIBC_2.4
                0x0000a5d4                strerror@@GLIBC_2.4
                0x0000a5e0                fileno@@GLIBC_2.4
                0x0000a5ec                mmap@@GLIBC_2.4
                0x0000a5f8                abort@@GLIBC_2.4
                0x0000a604                pthread_attr_getschedparam@@GLIBC_2.4
                0x0000a610                memcmp@@GLIBC_2.4
                0x0000a61c                pthread_exit@@GLIBC_2.4
                0x0000a628                __libc_start_main@@GLIBC_2.4
                0x0000a634                msgget@@GLIBC_2.4
                0x0000a64c                sched_yield@@GLIBC_2.4
                0x0000a658                pthread_mutexattr_settype@@GLIBC_2.4
                0x0000a664                strncpy@@GLIBC_2.4
                0x0000a670                fclose@@GLIBC_2.4
                0x0000a67c                getenv@@GLIBC_2.4
                0x0000a688                strchr@@GLIBC_2.4
                0x0000a694                semop@@GLIBC_2.4
                0x0000a6a0                __cxa_atexit@@GLIBC_2.4
                0x0000a6ac                msgctl@@GLIBC_2.4
                0x0000a6b8                sem_getvalue@@GLIBC_2.4
                0x0000a6c4                calloc@@GLIBC_2.4
                0x0000a6d0                sem_init@@GLIBC_2.4
                0x0000a6dc                fopen@@GLIBC_2.4
                0x0000a6e8                shmat@@GLIBC_2.4
                0x0000a6f4                __strtol_internal@@GLIBC_2.4
                0x0000a700                memset@@GLIBC_2.4
                0x0000a70c                sem_destroy@@GLIBC_2.4
                0x0000a718                perror@@GLIBC_2.4
                0x0000a724                __assert_fail@@GLIBC_2.4
                0x0000a730                shmdt@@GLIBC_2.4
                0x0000a73c                usleep@@GLIBC_2.4
                0x0000a748                msgsnd@@GLIBC_2.4
                0x0000a754                free@@GLIBC_2.4
                0x0000a760                getopt_long@@GLIBC_2.4
                0x0000a76c                pthread_getspecific@@GLIBC_2.4
                0x0000a778                gettimeofday@@GLIBC_2.4
                0x0000a784                pthread_mutex_unlock@@GLIBC_2.4
                0x0000a790                fflush@@GLIBC_2.4
                0x0000a79c                pthread_setschedparam@@GLIBC_2.4
                0x0000a7a8                ioctl@@GLIBC_2.4
                0x0000a7b4                pthread_key_delete@@GLIBC_2.4
                0x0000a7c0                pthread_mutexattr_destroy@@GLIBC_2.4
                0x0000a7cc                pthread_mutex_lock@@GLIBC_2.4
                0x0000a7d8                strlen@@GLIBC_2.4
                0x0000a7e4                pthread_create@@GLIBC_2.4
                0x0000a7f0                execv@@GLIBC_2.4
                0x0000a7fc                memcpy@@GLIBC_2.4
                0x0000a808                pthread_attr_getstacksize@@GLIBC_2.4
                0x0000a814                strcpy@@GLIBC_2.4
                0x0000a820                sem_post@@GLIBC_2.4
                0x0000a82c                waitpid@@GLIBC_2.4
                0x0000a838                pthread_mutex_destroy@@GLIBC_2.4
                0x0000a844                printf@@GLIBC_2.4
                0x0000a850                raise@@GLIBC_2.4
                0x0000a85c                atoi@@GLIBC_2.4
                0x0000a868                pthread_mutex_init@@GLIBC_2.4
                0x0000a874                pthread_setspecific@@GLIBC_2.4
                0x0000a880                close@@GLIBC_2.4
                0x0000a88c                fwrite@@GLIBC_2.4
                0x0000a898                semctl@@GLIBC_2.4
                0x0000a8a4                setvbuf@@GLIBC_2.4
                0x0000a8b0                fprintf@@GLIBC_2.4
                0x0000a8bc                malloc@@GLIBC_2.4
                0x0000a8c8                pthread_attr_init@@GLIBC_2.4
                0x0000a8d4                fputc@@GLIBC_2.4
                0x0000a8e0                sleep@@GLIBC_2.4
                0x0000a8ec                puts@@GLIBC_2.4
                0x0000a8f8                getpid@@GLIBC_2.4
                0x0000a904                fcntl@@GLIBC_2.4
                0x0000a910                fork@@GLIBC_2.4
                0x0000a91c                shmctl@@GLIBC_2.4
                0x0000a928                munmap@@GLIBC_2.4
                0x0000a934                vfprintf@@GLIBC_2.4
                0x0000a940                fread@@GLIBC_2.4
                0x0000a94c                strncmp@@GLIBC_2.4
                0x0000a958                msgrcv@@GLIBC_2.4
                0x0000a964                kill@@GLIBC_2.4
                0x0000a970                pthread_mutexattr_init@@GLIBC_2.4
                0x0000a97c                sem_wait@@GLIBC_2.4
                0x0000a988                strcmp@@GLIBC_2.4
                0x0000a994                exit@@GLIBC_2.4
                0x0000a9a0                pthread_setcanceltype@@GLIBC_2.4
                0x0000a9ac                __errno_location@@GLIBC_2.4
                0x0000a9b8                pthread_self@@GLIBC_2.4
                0x0000a9c4                pthread_cancel@@GLIBC_2.4
                0x0000a9d0                sprintf@@GLIBC_2.4
                0x0000a9dc                pthread_join@@GLIBC_2.4
                0x0000a9e8                pthread_key_create@@GLIBC_2.4
                0x0000a9f4                fputs@@GLIBC_2.4
                0x0000aa00                semget@@GLIBC_2.4
                0x0000aa0c                shmget@@GLIBC_2.4

.text           0x0000aa18    0x31e64
 *(.text .stub .text.* .gnu.linkonce.t.*)
 .text          0x0000aa18       0x38 /opt/4.3.2/bin/../arm-none-linux-gnueabi/libc/usr/lib/crt1.o
                0x0000aa18                _start
 .text          0x0000aa50       0x24 /opt/4.3.2/bin/../arm-none-linux-gnueabi/libc/usr/lib/crti.o
 .text          0x0000aa74       0x4c /opt/4.3.2/bin/../lib/gcc/arm-none-linux-gnueabi/4.3.2/crtbegin.o
 .text          0x0000aac0      0x8bc appMain.dm365.o470MV
                0x0000aac0                writeFrameSemiPlanar
                0x0000adbc                appMain
 .text          0x0000b37c      0x45c linux/main.dm365.o470MV
                0x0000b770                main
 .text          0x0000b7d8      0x2e0 /home/qxd/dm365/dvsdk_dm365_4_02_00_06/dmai_2_20_00_15/packages/ti/sdo/dmai/apps/image_decode_io1/linux/image_decode_io1_dm365_config/package/cfg/image_decode_io1_dm365_xv5T.ov5T
                0x0000b7f4                RMAN_autoRegister
                0x0000b7e0                DMAN3_CE_exit
                0x0000bab4                ti_sdo_ce_CERuntime_init__F
                0x0000b7ec                DMAN3_releaseDmaChannels
                0x0000b8f4                CERuntime_init
                0x0000b7e4                DMAN3_grantDmaChannels
                0x0000b7dc                DMAN3_CE_init
                0x0000b8f0                CERuntime_exit
                0x0000b7d8                IPC_generatedInit
 .text          0x0000bab8     0x10bc /home/qxd/dm365/dvsdk_dm365_4_02_00_06/dmai_2_20_00_15/packages/ti/sdo/dmai/lib/dmai_linux_dm365.a470MV(Buffer.dm365.o470MV)
                0x0000c794                Buffer_getBufTab
                0x0000c3f0                _Buffer_getOriginalSize
                0x0000c6d4                Buffer_setSize
                0x0000bb38                Buffer_create
                0x0000c180                Buffer_setUseMask
                0x0000c4e4                Buffer_setNumBytesUsed
                0x0000c5e8                Buffer_setUserPtr
                0x0000bf3c                Buffer_print
                0x0000c53c                _Buffer_setId
                0x0000c22c                Buffer_getUseMask
                0x0000c320                Buffer_getPhysicalPtr
                0x0000c1d8                Buffer_resetUseMask
                0x0000be58                Buffer_clone
                0x0000c838                Buffer_delete
                0x0000c494                Buffer_getNumBytesUsed
                0x0000c590                _Buffer_setBufTab
                0x0000c734                Buffer_setVirtualSize
                0x0000bd98                Buffer_getAttrs
                0x0000c7e8                Buffer_isReference
                0x0000c0fc                Buffer_freeUseMask
                0x0000c930                Buffer_copy
                0x0000c27c                Buffer_getId
                0x0000c2cc                Buffer_getUserPtr
                0x0000c374                Buffer_getSize
                0x0000c440                Buffer_getType
 .text          0x0000cb74      0xa54 /home/qxd/dm365/dvsdk_dm365_4_02_00_06/dmai_2_20_00_15/packages/ti/sdo/dmai/lib/dmai_linux_dm365.a470MV(BufferGfx.dm365.o470MV)
                0x0000cbe4                BufferGfx_getBufferAttrs
                0x0000ccd0                BufferGfx_calcSizeDim
                0x0000cf48                BufferGfx_getFrameType
                0x0000d480                _BufferGfx_init
                0x0000d538                _BufferGfx_getAttrs
                0x0000cb74                _BufferGfx_getObjectPtr
                0x0000d268                BufferGfx_setMaxDimensions
                0x0000d0d0                BufferGfx_getDimensions
                0x0000d1c0                BufferGfx_setDimensions
                0x0000d06c                BufferGfx_setColorSpace
                0x0000d00c                BufferGfx_getColorSpace
                0x0000cd88                BufferGfx_calcDimensions
                0x0000ce74                BufferGfx_resetDimensions
                0x0000cc2c                BufferGfx_calcSize
                0x0000d414                _BufferGfx_getFrameDone
                0x0000d334                _BufferGfx_setFrameDone
                0x0000cfa8                BufferGfx_setFrameType
                0x0000d3a0                _BufferGfx_toggleFrameDone
                0x0000cedc                BufferGfx_calcLineLength
 .text          0x0000d5c8       0xe0 /home/qxd/dm365/dvsdk_dm365_4_02_00_06/dmai_2_20_00_15/packages/ti/sdo/dmai/lib/dmai_linux_dm365.a470MV(ColorSpace.dm365.o470MV)
                0x0000d5c8                ColorSpace_getBpp
 .text          0x0000d6a8      0x228 /home/qxd/dm365/dvsdk_dm365_4_02_00_06/dmai_2_20_00_15/packages/ti/sdo/dmai/lib/dmai_linux_dm365.a470MV(VideoStd.dm365.o470MV)
                0x0000d6a8                VideoStd_getResolution
 .text          0x0000d8d0      0xb1c /home/qxd/dm365/dvsdk_dm365_4_02_00_06/dmai_2_20_00_15/packages/ti/sdo/dmai/lib/dmai_linux_dm365.a470MV(Idec1.dm365.o470MV)
                0x0000e248                Idec1_getInBufSize
                0x0000e398                Idec1_getVisaHandle
                0x0000ded4                Idec1_create
                0x0000e2e8                Idec1_getOutBufSize
                0x0000e1f4                Idec1_delete
                0x0000d8d0                Idec1_process
 .text          0x0000e3ec      0x25c /home/qxd/dm365/dvsdk_dm365_4_02_00_06/dmai_2_20_00_15/packages/ti/sdo/dmai/lib/dmai_linux_dm365.a470MV(Dmai.dm365.o470MV)
                0x0000e518                Dmai_init
                0x0000e3ec                Dmai_setLogLevel
 .text          0x0000e648      0x754 /home/qxd/dm365/dvsdk_dm365_4_02_00_06/codec-engine_2_26_02_11/packages/ti/sdo/ce/image1/lib/release/imgdec1.av5T(imgdec1.ov5T)
                0x0000e648                IMGDEC1_control
                0x0000e9f0                IMGDEC1_create
                0x0000eaf8                IMGDEC1_process
                0x0000e954                IMGDEC1_delete
 .text          0x0000ed9c      0xc80 /home/qxd/dm365/dvsdk_dm365_4_02_00_06/codec-engine_2_26_02_11/packages/ti/sdo/ce/lib/release/ce.av5T(Server.ov5T)
                0x0000f278                Server_getNumMemSegs
                0x0000f394                Server_getNumAlgs
                0x0000f038                Server_redefineHeap
                0x0000f7e4                Server_disconnectTrace
                0x0000ef2c                Server_restoreHeap
                0x0000f5b0                Server_getCpuLoad
                0x0000f190                Server_init
                0x0000ee70                Server_setTrace
                0x0000f8f8                Server_connectTrace
                0x0000f650                Server_getAlgInfo
                0x0000f4a8                Server_getMemStat
                0x0000f724                Server_fwriteTrace
 .text          0x0000fa1c     0x4398 /home/qxd/dm365/dvsdk_dm365_4_02_00_06/codec-engine_2_26_02_11/packages/ti/sdo/ce/lib/release/ce.av5T(Engine.ov5T)
                0x00010248                Engine_releaseTraceToken
                0x0000ff7c                Engine_getUsedMem
                0x00010060                Engine_restoreHeap
                0x00010948                Engine_getNumServerAlgs
                0x00010ad4                Engine_getMemStat
                0x00010cf8                Engine_getNumAlgs2
                0x00011238                Engine_addStubFxns
                0x0000fbf8                Engine_getServer
                0x00011adc                Engine_callAsync
                0x00011bc8                Engine_initFromServer
                0x00013a2c                Engine_getLocalEngine
                0x00010c3c                Engine_getNumAlgs
                0x0001166c                Engine_fwriteTrace
                0x0000fdec                Engine_setTrace
                0x00013c80                Engine_getConstName
                0x000125e4                Engine_createNode2
                0x00011b44                Engine_call
                0x00010d98                Engine_getAlgInfo2
                0x000112c4                Engine_init
                0x00011a84                Engine_callWait
                0x00013b00                Engine_getMemId
                0x00013a80                Engine_getCodecClassConfig
                0x0000fad0                Engine_getServerAlgInfo
                0x00010438                Engine_getCpuLoad
                0x00010524                Engine_getAlgNumRecs
                0x000102b0                Engine_redefineHeap
                0x0001246c                Engine_deleteNode
                0x00012e2c                Engine_createNode
                0x000101d0                Engine_requestTraceToken
                0x000130ac                Engine_open
                0x00013b20                Engine_getFxns
                0x00010844                Engine_getNumMemSegs
                0x0001065c                Engine_getAlgMemRecs
                0x0000fac4                Engine_hasServer
                0x0000fa98                Engine_getNodeQueues
                0x00012ed0                Engine_close
                0x00010f80                Engine_getAlgInfo
                0x0000fa38                Engine_getRemoteVisa
                0x0000fc74                Engine_ctrlNode
                0x0000fa24                Engine_getLastError
                0x0000fa1c                Engine_getEngine
                0x0000fa2c                Engine_getName
 .text          0x00013db4     0x116c /home/qxd/dm365/dvsdk_dm365_4_02_00_06/codec-engine_2_26_02_11/packages/ti/sdo/ce/lib/release/ce.av5T(visa.ov5T)
                0x00014590                VISA_callAsync
                0x00013db4                VISA_getAlgFxns
                0x000141b0                VISA_enter
                0x00013fdc                VISA_freeMsg
                0x00014734                VISA_create2
                0x00014e60                VISA_create
                0x00013de0                VISA_isLocal
                0x00013e4c                VISA_allocMsg
                0x000140e0                VISA_exit
                0x00013f74                VISA_getAlgMemRecs
                0x00013dd8                VISA_getCodecClassConfig
                0x00013dd0                VISA_setContext
                0x00014660                VISA_call
                0x00013f2c                VISA_getAlgNumRecs
                0x00013fc0                VISA_getAlgHandle
                0x00013dbc                VISA_getAlgorithmHandle
                0x00013de8                VISA_getMaxMsgSize
                0x00014450                VISA_wait
                0x00014288                VISA_delete
                0x00013dc4                VISA_getContext
 .text          0x00014f20        0x0 /home/qxd/dm365/dvsdk_dm365_4_02_00_06/codec-engine_2_26_02_11/packages/ti/sdo/ce/lib/release/ce.av5T(package_ti.sdo.ce.ov5T)
 .text          0x00014f20      0x964 /home/qxd/dm365/dvsdk_dm365_4_02_00_06/codec-engine_2_26_02_11/packages/ti/sdo/ce/alg/lib/release/Algorithm_noOS.av5T(Algorithm_noOS.ov5T)
                0x00014f28                Algorithm_getMemRecs
                0x00015034                Algorithm_exit
                0x0001562c                Algorithm_activate
                0x000152d4                Algorithm_create
                0x00014f30                Algorithm_getNumRecs
                0x000150cc                Algorithm_delete
                0x00014fd4                Algorithm_init
                0x000156e0                Algorithm_releaseLock
                0x000157d4                Algorithm_acquireLock
                0x00014f20                Algorithm_getAlgHandle
                0x0001559c                Algorithm_addGroup
                0x00014f38                Algorithm_removeGroup
                0x000151e0                Algorithm_deactivate
 .text          0x00015884      0x3a4 /home/qxd/dm365/dvsdk_dm365_4_02_00_06/codec-engine_2_26_02_11/packages/ti/sdo/ce/alg/lib/release/alg.av5T(alg_create.ov5T)
                0x00015884                ALG_delete
                0x000158fc                ALG_create
 .text          0x00015c28      0xb4c /home/qxd/dm365/dvsdk_dm365_4_02_00_06/codec-engine_2_26_02_11/packages/ti/sdo/ce/alg/lib/release/alg.av5T(alg_malloc.ov5T)
                0x00016504                ALG_deactivate
                0x00015c28                _ALG_freeMemory2
                0x00016638                ALG_activate
                0x000161c4                ALG_init
                0x000166e4                ALG_acquireLock
                0x00015dec                _ALG_allocMemory2
                0x00015fb0                _ALG_allocMemory
                0x00016378                ALG_addGroup
                0x00016138                ALG_exit
                0x000165ac                ALG_releaseLock
                0x00015d7c                _ALG_freeMemory
                0x00016020                ALG_removeGroup
 .text          0x00016774      0x288 /home/qxd/dm365/dvsdk_dm365_4_02_00_06/codec-engine_2_26_02_11/packages/ti/sdo/ce/ipc/linux/lib/release/ipc_linux.av5T(Processor_posix.ov5T)
                0x00016774                Processor_wait
                0x000167e4                Processor_delete
                0x000167a4                Processor_init
                0x000168c0                Processor_create
 .text          0x000169fc      0xc94 /home/qxd/dm365/dvsdk_dm365_4_02_00_06/codec-engine_2_26_02_11/packages/ti/sdo/ce/ipc/linux/lib/release/ipc_linux.av5T(Comm_posix.ov5T)
                0x000174ac                Comm_create
                0x00016e24                Comm_init
                0x00016b60                Comm_release
                0x00016f58                Comm_put
                0x00016a68                Comm_getSrcQueue
                0x00016aec                Comm_setSrcQueue
                0x00016eb0                Comm_free
                0x00016d24                Comm_locate
                0x000170e8                Comm_delete
                0x00017370                Comm_get
                0x00017060                Comm_exit
                0x000171e0                Comm_alloc
                0x000169fc                Comm_getMsgSize
 .text          0x00017690      0x548 /home/qxd/dm365/dvsdk_dm365_4_02_00_06/codec-engine_2_26_02_11/packages/ti/sdo/ce/osal/linux/lib/release/osal_linux_470.av5T(LockMP_posix.ov5T)
                0x00017690                LockMP_getCount
                0x0001786c                LockMP_init
                0x00017974                LockMP_create
                0x000178c4                LockMP_getRefCount
                0x00017700                LockMP_release
                0x000178cc                LockMP_delete
                0x00017aa8                LockMP_acquire
 .text          0x00017bd8       0xe8 /home/qxd/dm365/dvsdk_dm365_4_02_00_06/codec-engine_2_26_02_11/packages/ti/sdo/ce/osal/linux/lib/release/osal_linux_470.av5T(Queue_posix.ov5T)
                0x00017c78                Queue_get
                0x00017be4                Queue_extract
                0x00017bd8                Queue_exit
                0x00017bdc                Queue_init
                0x00017c2c                Queue_put
 .text          0x00017cc0       0xec /home/qxd/dm365/dvsdk_dm365_4_02_00_06/codec-engine_2_26_02_11/packages/ti/sdo/ce/osal/linux/lib/release/osal_linux_470.av5T(GT_config_libC.ov5T)
                0x00017cc0                GTConfig_nop
                0x00017cc8                GTConfig_error
                0x00017da8                GTConfig_libcMalloc
                0x00017d50                GTConfig_vprintf
                0x00017da4                GTConfig_libcFree
 .text          0x00017dac     0x16b0 /home/qxd/dm365/dvsdk_dm365_4_02_00_06/codec-engine_2_26_02_11/packages/ti/sdo/ce/osal/linux/lib/release/osal_linux_470.av5T(Memory_cmem.ov5T)
                0x00019438                Memory_contigAlloc
                0x00017df8                Memory_dumpKnownContigBufsList
                0x00018bac                Memory_contigFree
                0x00017dc8                Memory_getHeapId
                0x0001857c                Memory_init
                0x00017fa4                Memory_cacheInv
                0x00017dec                Memory_contigStat
                0x00018218                Memory_getBufferPhysicalAddress
                0x000189e0                Memory_unregisterContigBuf
                0x00017de0                Memory_restoreHeap
                0x00018c2c                Memory_alloc
                0x0001888c                Memory_segFree
                0x00017fa0                Memory_cacheWb
                0x00017eb0                Memory_cacheWbInvAll
                0x00017dd8                Memory_redefine
                0x00017fa8                Memory_getBufferVirtualAddress
                0x00017dd0                Memory_getNumHeaps
                0x00017de8                Memory_exit
                0x0001877c                Memory_free
                0x00017f9c                Memory_cacheWbInv
                0x00017f20                Memory_segStat
                0x00019140                Memory_registerContigBuf
                0x00018c24                Memory_segAlloc
 .text          0x0001945c      0x2dc /home/qxd/dm365/dvsdk_dm365_4_02_00_06/codec-engine_2_26_02_11/packages/ti/sdo/ce/osal/linux/lib/release/osal_linux_470.av5T(Global_noOS.ov5T)
                0x00019560                Global_getenv
                0x00019468                Global_init
                0x00019564                Global_exit
                0x000196e4                Global_abort
                0x0001945c                Global_getCpuLoad
                0x0001955c                Global_getProcessId
                0x00019630                Global_atexit
                0x00019464                Global_setSpecialTrace
 .text          0x00019738      0x920 /home/qxd/dm365/dvsdk_dm365_4_02_00_06/codec-engine_2_26_02_11/packages/ti/sdo/ce/osal/linux/lib/release/osal_linux_470.av5T(Thread_posix.ov5T)
                0x00019bfc                Thread_exit
                0x0001987c                Thread_yield
                0x00019738                Thread_getenv
                0x00019dfc                Thread_create
                0x00019c8c                Thread_delete
                0x00019978                Thread_setpri
                0x000197a4                Thread_getname
                0x00019a20                Thread_self
                0x00019810                Thread_getpri
                0x00019b60                Thread_init
                0x000198e4                Thread_stat
                0x00019a90                Thread_join
 .text          0x0001a058       0x14 /home/qxd/dm365/dvsdk_dm365_4_02_00_06/codec-engine_2_26_02_11/packages/ti/sdo/ce/osal/linux/lib/release/osal_linux_470.av5T(Log_noOS.ov5T)
                0x0001a060                Log_printf
                0x0001a05c                Log_event
                0x0001a058                Log_init
 .text          0x0001a06c      0x13c /home/qxd/dm365/dvsdk_dm365_4_02_00_06/codec-engine_2_26_02_11/packages/ti/sdo/ce/osal/linux/lib/release/osal_linux_470.av5T(Lock_posix.ov5T)
                0x0001a150                Lock_init
                0x0001a0fc                Lock_create
                0x0001a06c                Lock_release
                0x0001a1a4                Lock_acquire
                0x0001a070                Lock_delete
 .text          0x0001a1a8      0x3bc /home/qxd/dm365/dvsdk_dm365_4_02_00_06/codec-engine_2_26_02_11/packages/ti/sdo/ce/osal/linux/lib/release/osal_linux_470.av5T(GT_config_posix.ov5T)
                0x0001a2f8                GT_config_setOutTrace
                0x0001a288                GTConfig_tracePrintf
                0x0001a1f8                GTConfig_gettimeofday
                0x0001a284                GTConfig_threadId
                0x0001a1a8                GTConfig_pthreadUnlock
                0x0001a1d0                GTConfig_pthreadLock
                0x0001a32c                GTConfig_posixInit
 .text          0x0001a564      0xbb4 /home/qxd/dm365/dvsdk_dm365_4_02_00_06/codec-engine_2_26_02_11/packages/ti/sdo/ce/osal/linux/lib/release/osal_linux_470.av5T(SemMP_posix.ov5T)
                0x0001ad80                SemMP_create
                0x0001a5dc                SemMP_post
                0x0001a9c0                SemMP_getRefCount
                0x0001ab00                SemMP_delete
                0x0001a9d0                SemMP_getCount
                0x0001a838                SemMP_init
                0x0001a6c8                SemMP_pend
 .text          0x0001b118      0x47c /home/qxd/dm365/dvsdk_dm365_4_02_00_06/codec-engine_2_26_02_11/packages/ti/sdo/ce/osal/linux/lib/release/osal_linux_470.av5T(Sem_posix.ov5T)
                0x0001b18c                Sem_post
                0x0001b3d4                Sem_delete
                0x0001b30c                Sem_init
                0x0001b22c                Sem_pend
                0x0001b470                Sem_create
                0x0001b364                Sem_getCount
 .text          0x0001b594      0x828 /home/qxd/dm365/dvsdk_dm365_4_02_00_06/codec-engine_2_26_02_11/packages/ti/sdo/ce/utils/xdm/lib/release/XdmUtils.av5T(XdmUtils.ov5T)
                0x0001b594                XdmUtils_validateVideo1BufDesc
                0x0001b798                XdmUtils_validateVideoBufDesc
                0x0001baf8                XdmUtils_validateSparseBufDesc
                0x0001b99c                XdmUtils_validateSparseBufDesc1
                0x0001bc4c                XdmUtils_validateExtendedStruct
                0x0001bd7c                XdmUtils_init
 .text          0x0001bdbc      0x524 /home/qxd/dm365/dvsdk_dm365_4_02_00_06/codecs-dm365_4_02_00_00/packages/ti/sdo/codecs/jpegdec/lib/libjpgdec.a(jpegdec_ti_ires.o)
                0x0001bdbc                JPEGDEC_TI_getResourceDescriptors
                0x0001c0e4                JPEGDEC_TI_reinitResources
                0x0001c0d4                JPEGDEC_TI_activateAllResources
                0x0001c0fc                JPEGDEC_TI_deactivateResource
                0x0001c0f4                JPEGDEC_TI_activateResource
                0x0001c104                JPEGDEC_TI_initResources
                0x0001c0ec                JPEGDEC_TI_deinitResources
                0x0001c0dc                JPEGDEC_TI_deactivateAllResources
                0x0001c0cc                JPEGDEC_TI_numResourceDescriptors
 .text          0x0001c2e0        0x0 /home/qxd/dm365/dvsdk_dm365_4_02_00_06/codecs-dm365_4_02_00_00/packages/ti/sdo/codecs/jpegdec/lib/libjpgdec.a(jpegdec_ti_vtab.o)
 .text          0x0001c2e0      0xb88 /home/qxd/dm365/dvsdk_dm365_4_02_00_06/codecs-dm365_4_02_00_00/packages/ti/sdo/codecs/jpegdec/lib/libjpgdec.a(jpegdec_os_abstract.o)
                0x0001c628                JPEGDEC_TI_IMCOP_Reg_Init_virt
                0x0001cb6c                JPEGDEC_TI_assignBuffAddr
                0x0001c2e0                JPEGDEC_TI_IMCOP_Reg_Init_phys
                0x0001ca4c                JPEGDEC_TI_IMCOP_Mem_Init_phys
                0x0001c950                JPEGDEC_TI_IMCOP_Mem_Init_virt
 .text          0x0001ce68     0x1750 /home/qxd/dm365/dvsdk_dm365_4_02_00_06/codecs-dm365_4_02_00_00/packages/ti/sdo/codecs/jpegdec/lib/libjpgdec.a(jpegdec_ti.o)
                0x0001cef8                JPEGDEC_TI_initObj
                0x0001e524                JPEGDEC_TI_free
                0x0001d188                JPEGDEC_TI_decode
                0x0001cef4                JPEGDEC_TI_exit
                0x0001d184                JPEGDEC_TI_moved
                0x0001dbc4                JPEGDEC_TI_deactivate
                0x0001e454                JPEGDEC_TI_activate
                0x0001dbf4                JPEGDEC_TI_control
                0x0001ce6c                JPEGDEC_TI_numAlloc
                0x0001ce74                JPEGDEC_TI_alloc
 .text          0x0001e5b8       0x44 /home/qxd/dm365/dvsdk_dm365_4_02_00_06/codecs-dm365_4_02_00_00/packages/ti/sdo/codecs/jpegdec/lib/libjpgdec.a(jpegdec_vicpsync.o)
                0x0001e5b8                JPEGDEC_TI_vicpsync_wait
                0x0001e5cc                JPEGDEC_TI_vicpsync_start
 .text          0x0001e5fc      0x444 /home/qxd/dm365/dvsdk_dm365_4_02_00_06/codecs-dm365_4_02_00_00/packages/ti/sdo/codecs/jpegdec/lib/libjpgdec.a(hwset_copc.o)
                0x0001e8e8                JPEGDEC_TI_HWSET_Copc_Init
                0x0001e688                JPEGDEC_TI_HWSET_Copc_SwitchMemToHW
                0x0001e5fc                JPEGDEC_TI_HWSET_Copc_SwitchMemToDMA
 .text          0x0001ea40      0x9a4 /home/qxd/dm365/dvsdk_dm365_4_02_00_06/codecs-dm365_4_02_00_00/packages/ti/sdo/codecs/jpegdec/lib/libjpgdec.a(HWSET_iMX_JPEG_Dec_rotation.o)
                0x0001ea50                JPEGDEC_TI_HWSET_iMX_rotation
                0x0001ea40                JPEGDEC_TI_HWSET_iMX_get_rotation_CmdLenBytes
                0x0001ea48                JPEGDEC_TI_HWSET_iMX_get_rotation_CoefLenBytes
 .text          0x0001f3e4     0x19b8 /home/qxd/dm365/dvsdk_dm365_4_02_00_06/codecs-dm365_4_02_00_00/packages/ti/sdo/codecs/jpegdec/lib/libjpgdec.a(HWSET_iMX_Load_JPEG_Dec_pack.o)
                0x0001f3f8                JPEGDEC_TI_HWSET_iMX_Load_unPack
                0x0001f3f0                JPEGDEC_TI_HWSET_iMX_get_Pack_CoefBytes
                0x0001f3e4                JPEGDEC_TI_HWSET_iMX_get_Pack_cmdLen
                0x0001f73c                JPEGDEC_TI_HWSET_iMX_Load_Pack_420SP
                0x00020194                JPEGDEC_TI_HWSET_iMX_Load_Pack
 .text          0x00020d9c      0x6d0 /home/qxd/dm365/dvsdk_dm365_4_02_00_06/codecs-dm365_4_02_00_00/packages/ti/sdo/codecs/jpegdec/lib/libjpgdec.a(HWSET_iMX_Load_JPEG_Dec_scaling.o)
                0x00020db0                JPEGDEC_TI_HWSET_iMX_Load_Scaling_420SP
                0x00020da8                JPEGDEC_TI_HWSET_iMX_get_Scaling_CoefBytes
                0x00020d9c                JPEGDEC_TI_HWSET_iMX_get_Scaling_cmdLen
                0x00021090                JPEGDEC_TI_HWSET_iMX_Load_Scaling
 .text          0x0002146c     0x1674 /home/qxd/dm365/dvsdk_dm365_4_02_00_06/codecs-dm365_4_02_00_00/packages/ti/sdo/codecs/jpegdec/lib/libjpgdec.a(HWSET_InitJpegDec360.o)
                0x0002146c                JPEGDEC_TI_HWSET_Init
 .text          0x00022ae0     0x1110 /home/qxd/dm365/dvsdk_dm365_4_02_00_06/codecs-dm365_4_02_00_00/packages/ti/sdo/codecs/jpegdec/lib/libjpgdec.a(JpegDec360.o)
                0x00022dac                JPEGDEC_TI_Exit_JpegDec
                0x0002327c                JPEGDEC_TI_DMJPGD_deactivate
                0x000232b8                JPEGDEC_TI_DMJPGD_init
                0x00022ee0                JPEGDEC_TI_hookUpPostProc
                0x00023658                JPEGDEC_TI_Start_Dec
                0x00023b80                JPEGDEC_TI_DMJPGD_abort
                0x00022c20                JPEGDEC_TI_updateState
                0x00022ae0                JPEGDEC_TI_SetGlobal_Region
                0x000232fc                JPEGDEC_TI_partialInit_420sp
                0x000234e8                JPEGDEC_TI_partialInit
                0x00023214                JPEGDEC_TI_DMJPGD_resetPostProc
                0x00023284                JPEGDEC_TI_IMCOP_Copc_Reset
                0x00022c04                JPEGDEC_TI_Wait
 .text          0x00023bf0      0x480 /home/qxd/dm365/dvsdk_dm365_4_02_00_06/codecs-dm365_4_02_00_00/packages/ti/sdo/codecs/jpegdec/lib/libjpgdec.a(jpeg_dec_parser.o)
                0x00023bf0                JPEGDEC_TI_API_AnalyzeHeader
 .text          0x00024070      0x638 /home/qxd/dm365/dvsdk_dm365_4_02_00_06/codecs-dm365_4_02_00_00/packages/ti/sdo/codecs/jpegdec/lib/libjpgdec.a(jpgd_ini_uvld.o)
                0x00024070                JPEGDEC_TI_InstallUvldTable
 .text          0x000246a8       0x50 /home/qxd/dm365/dvsdk_dm365_4_02_00_06/codecs-dm365_4_02_00_00/packages/ti/sdo/codecs/jpegdec/lib/libjpgdec.a(hwset_bimx.o)
                0x000246a8                JPEGDEC_TI_HWSET_Bimx_Init
 .text          0x000246f8      0x6e4 /home/qxd/dm365/dvsdk_dm365_4_02_00_06/codecs-dm365_4_02_00_00/packages/ti/sdo/codecs/jpegdec/lib/libjpgdec.a(HWSET_BiMX_Load_JPEG_Dec_420.o)
                0x00024a60                JPEGDEC_TI_HWSET_BiMX_Load_420_420SP
                0x000246f8                JPEGDEC_TI_HWSET_BiMX_Load_420_422ILE
 .text          0x00024ddc      0x6cc /home/qxd/dm365/dvsdk_dm365_4_02_00_06/codecs-dm365_4_02_00_00/packages/ti/sdo/codecs/jpegdec/lib/libjpgdec.a(HWSET_BiMX_Load_JPEG_Dec_422.o)
                0x0002513c                JPEGDEC_TI_HWSET_BiMX_Load_422_420SP
                0x00024ddc                JPEGDEC_TI_HWSET_BiMX_Load_422_422ILE
 .text          0x000254a8      0x838 /home/qxd/dm365/dvsdk_dm365_4_02_00_06/codecs-dm365_4_02_00_00/packages/ti/sdo/codecs/jpegdec/lib/libjpgdec.a(HWSET_BiMX_Load_JPEG_Dec_422V.o)
                0x000258c4                JPEGDEC_TI_HWSET_BiMX_Load_422V_422ILE
                0x000254a8                JPEGDEC_TI_HWSET_BiMX_Load_422V_420SP
 .text          0x00025ce0      0x6c8 /home/qxd/dm365/dvsdk_dm365_4_02_00_06/codecs-dm365_4_02_00_00/packages/ti/sdo/codecs/jpegdec/lib/libjpgdec.a(HWSET_BiMX_Load_JPEG_Dec_444.o)
                0x00026034                JPEGDEC_TI_HWSET_BiMX_Load_444_420SP
                0x00025ce0                JPEGDEC_TI_HWSET_BiMX_Load_444_422ILE
 .text          0x000263a8      0x448 /home/qxd/dm365/dvsdk_dm365_4_02_00_06/codecs-dm365_4_02_00_00/packages/ti/sdo/codecs/jpegdec/lib/libjpgdec.a(HWSET_BiMX_Load_JPEG_Dec_Copy.o)
                0x00026658                JPEGDEC_TI_HWSET_BiMX_Load_Copy_420SP
                0x000263a8                JPEGDEC_TI_HWSET_BiMX_Load_Copy_422ILE
 .text          0x000267f0      0x524 /home/qxd/dm365/dvsdk_dm365_4_02_00_06/codecs-dm365_4_02_00_00/packages/ti/sdo/codecs/jpegdec/lib/libjpgdec.a(HWSET_BiMX_Load_JPEG_Dec_MONO.o)
                0x00026a84                JPEGDEC_TI_HWSET_BiMX_Load_MONO_420SP
                0x000267f0                JPEGDEC_TI_HWSET_BiMX_Load_MONO_422ILE
 .text          0x00026d14      0x3e4 /home/qxd/dm365/dvsdk_dm365_4_02_00_06/codecs-dm365_4_02_00_00/packages/ti/sdo/codecs/jpegdec/lib/libjpgdec.a(hwset_bpvlcd.o)
                0x000270e4                JPEGDEC_TI_HWSET_VLD_NRBIT_AC1
                0x00026d14                JPEGDEC_TI_HWSET_Bp_Init
                0x00027060                JPEGDEC_TI_HWSET_VLD_NRBIT_DC
                0x00027074                JPEGDEC_TI_HWSET_VLD_NRBIT_DC_Y
                0x000270c0                JPEGDEC_TI_HWSET_VLD_NRBIT_AC0
                0x00026ee8                JPEGDEC_TI_HWSET_Vlcd_Init_JPEGD
                0x00027098                JPEGDEC_TI_HWSET_VLD_NRBIT_DC_UV
                0x000270ac                JPEGDEC_TI_HWSET_VLD_NRBIT_AC
 .text          0x000270f8       0x80 /home/qxd/dm365/dvsdk_dm365_4_02_00_06/codecs-dm365_4_02_00_00/packages/ti/sdo/codecs/jpegdec/lib/libjpgdec.a(hwset_dct.o)
                0x000270f8                JPEGDEC_TI_HWSET_Dct_Init
 .text          0x00027178      0x1a0 /home/qxd/dm365/dvsdk_dm365_4_02_00_06/codecs-dm365_4_02_00_00/packages/ti/sdo/codecs/jpegdec/lib/libjpgdec.a(hwset_qiq.o)
                0x000272e0                JPEGDEC_TI_HWSET_Qiq_SetTable
                0x00027178                JPEGDEC_TI_HWSET_Qiq_Init
 .text          0x00027318     0x21d8 /home/qxd/dm365/dvsdk_dm365_4_02_00_06/codecs-dm365_4_02_00_00/packages/ti/sdo/codecs/jpegdec/lib/libjpgdec.a(JpegDec360_Edma.o)
                0x0002749c                JPEGDEC_TI_InitEdma
                0x00027318                JPEGDEC_TI_InitBitstreamBuffer
 .text          0x000294f0     0x26c4 /home/qxd/dm365/dvsdk_dm365_4_02_00_06/codecs-dm365_4_02_00_00/packages/ti/sdo/codecs/jpegdec/lib/libjpgdec.a(JpegDec360_Sqr.o)
                0x00029ce4                JPEGDEC_TI_InitSqr_420SP_444_resize
                0x00029954                JPEGDEC_TI_InitSqr_420SP_area
                0x0002a404                JPEGDEC_TI_UpdateCntA
                0x0002a77c                JPEGDEC_TI_UpdateDstAddrB
                0x00029824                JPEGDEC_TI_InitSqr_420SP
                0x0002a074                JPEGDEC_TI_InitSqr_420SP_resize_bs_fix
                0x00029bb4                JPEGDEC_TI_InitSqr_420SP_resize_area
                0x0002a2d4                JPEGDEC_TI_InitSqr_420SP_resize_area_bs_fix
                0x0002a658                JPEGDEC_TI_UpdateCntB
                0x0002a9d0                JPEGDEC_TI_UpdateDstAddrC
                0x0002ac68                JPEGDEC_TI_Start_Proc
                0x000296f4                JPEGDEC_TI_InitSqr
                0x000294f0                JPEGDEC_TI_updateSqr
                0x0002a8ac                JPEGDEC_TI_UpdateCntC
                0x00029e14                JPEGDEC_TI_InitSqr_bs_fix
                0x0002ab00                JPEGDEC_TI_updateBstrParamLower
                0x00029f44                JPEGDEC_TI_InitSqr_420SP_bs_fix
                0x00029a84                JPEGDEC_TI_InitSqr_420SP_422_resize
                0x0002a1a4                JPEGDEC_TI_InitSqr_420SP_area_bs_fix
                0x0002a528                JPEGDEC_TI_UpdateDstAddrA
 .text          0x0002bbb4      0xa44 /home/qxd/dm365/dvsdk_dm365_4_02_00_06/codecs-dm365_4_02_00_00/packages/ti/sdo/codecs/jpegdec/lib/libjpgdec.a(jpeg_dec_marker.o)
                0x0002be38                JPEGDEC_TI_InterpretMarker
                0x0002bd80                JPEGDEC_TI_GetMarker
 .text          0x0002c5f8        0x0 /home/qxd/dm365/dvsdk_dm365_4_02_00_06/codecs-dm365_4_02_00_00/packages/ti/sdo/codecs/jpegdec/lib/libjpgdec.a(jpgd360seq.o)
 .text          0x0002c5f8      0x178 /home/qxd/dm365/dvsdk_dm365_4_02_00_06/codecs-dm365_4_02_00_00/packages/ti/sdo/codecs/jpegdec/lib/libjpgdec.a(AddressConverter.o)
                0x0002c628                JPEGDEC_TI_pARMtoBimx_D1
                0x0002c6fc                JPEGDEC_TI_pARMtoBimx
                0x0002c688                JPEGDEC_TI_pARMtoBimx_OUT
                0x0002c5f8                JPEGDEC_TI_pARMtoBimx_D0
 .text          0x0002c770       0x30 /home/qxd/dm365/dvsdk_dm365_4_02_00_06/codecs-dm365_4_02_00_00/packages/ti/sdo/codecs/jpegdec/lib/libjpgdec.a(Bimxenc_360_saturation.o)
                0x0002c770                JPEGDEC_TI_Bimxenc_350_saturation
 .text          0x0002c7a0      0x538 /home/qxd/dm365/dvsdk_dm365_4_02_00_06/codecs-dm365_4_02_00_00/packages/ti/sdo/codecs/jpegdec/lib/libjpgdec.a(bimx_enc.o)
                0x0002c7a0                JPEGDEC_TI_bimx_enc
 .text          0x0002ccd8       0x1c /home/qxd/dm365/dvsdk_dm365_4_02_00_06/codecs-dm365_4_02_00_00/packages/ti/sdo/codecs/jpegdec/lib/libjpgdec.a(Bimxenc_REFBbank.o)
                0x0002ccd8                JPEGDEC_TI_Bimxenc_REFBbank
 .text          0x0002ccf4       0x10 /home/qxd/dm365/dvsdk_dm365_4_02_00_06/codecs-dm365_4_02_00_00/packages/ti/sdo/codecs/jpegdec/lib/libjpgdec.a(Bimxenc_sleep.o)
                0x0002ccf4                JPEGDEC_TI_Bimxenc_sleep
 .text          0x0002cd04       0x30 /home/qxd/dm365/dvsdk_dm365_4_02_00_06/codecs-dm365_4_02_00_00/packages/ti/sdo/codecs/jpegdec/lib/libjpgdec.a(ImageBuffer.o)
                0x0002cd04                JPEGDEC_TI_SwitchSeqBuf4_MOD0
 .text          0x0002cd34        0x0 /home/qxd/dm365/dvsdk_dm365_4_02_00_06/codecs-dm365_4_02_00_00/packages/ti/sdo/codecs/jpegdec/lib/libjpgdec.a(jpeg_dec_huf_tbl.o)
 .text          0x0002cd34      0x2a8 /home/qxd/dm365/dvsdk_dm365_4_02_00_06/codecs-dm365_4_02_00_00/packages/ti/sdo/codecs/jpegdec/lib/libjpgdec.a(jpeg_dec_io.o)
                0x0002cd34                JPEGDEC_TI_GetByte
                0x0002ce20                JPEGDEC_TI_GetWord
 .text          0x0002cfdc      0x9a8 /home/qxd/dm365/dvsdk_dm365_4_02_00_06/codecs-dm365_4_02_00_00/packages/ti/sdo/codecs/jpegdec/lib/libimx.a(imxenc_scalingH.o)
                0x0002cfdc                imxenc_scalingH
 .text          0x0002d984      0xb74 /home/qxd/dm365/dvsdk_dm365_4_02_00_06/codecs-dm365_4_02_00_00/packages/ti/sdo/codecs/jpegdec/lib/libimx.a(imxenc_scalingV.o)
                0x0002d984                imxenc_scalingV
 .text          0x0002e4f8      0x2d4 /home/qxd/dm365/dvsdk_dm365_4_02_00_06/codecs-dm365_4_02_00_00/packages/ti/sdo/codecs/jpegdec/lib/libimx.a(imxtlu350.o)
                0x0002e5a4                imxenc_tlu
                0x0002e4f8                imx_tlu_LDinterleaved
 .text          0x0002e7cc      0x234 /home/qxd/dm365/dvsdk_dm365_4_02_00_06/codecs-dm365_4_02_00_00/packages/ti/sdo/codecs/jpegdec/lib/libimx.a(imxUpdate_array_scalar_op.o)
                0x0002e7cc                imxUpdate_Params_array_scalar_op
                0x0002e8a0                imxenc_downsample
 .text          0x0002ea00      0x2d8 /home/qxd/dm365/dvsdk_dm365_4_02_00_06/codecs-dm365_4_02_00_00/packages/ti/sdo/codecs/jpegdec/lib/libimx.a(imxUpdate_ptr270.o)
                0x0002ec24                imxUpdate_CoeffPtr
                0x0002ea00                imxPreUpdate_DataPtr
                0x0002eabc                imxUpdate_InputPtr
                0x0002eb70                imxUpdate_OutPtr
 .text          0x0002ecd8     0x20c0 /home/qxd/dm365/dvsdk_dm365_4_02_00_06/codecs-dm365_4_02_00_00/packages/ti/sdo/codecs/jpegdec/lib/libimx.a(imxivaenc.o)
                0x00030404                Compute_InitEncodeAddr
                0x0002ece8                imxenc_set_round_control
                0x0002ee1c                Compute_PointsEnc
                0x0002f00c                imxenc_init_acc
                0x0002f738                imx_enc2
                0x000304b4                imx_encode
                0x0002ef64                imxenc_call
                0x0002ef80                imxenc_return
                0x0002f710                imxenc_jump
                0x0002f020                imx_encSetMaskParams
                0x0002ef2c                imxenc_sleep
                0x000300c4                imx_enc1
                0x0002ee48                Encode_AddrMod
                0x0002efcc                imxenc_set_parameters_sign32
                0x00030ce0                imxenc_cmdwrite
                0x0002edb4                Compute_NumAddrMod
                0x00030adc                imxenc_call_dataaddr
                0x0002eef4                imxenc_set_parameters_sign
                0x0002ff00                imx_enc_round_off
                0x0002ef4c                imxenc_setME
                0x0002eec4                imxenc_set_parameters
                0x0002ef90                determine_coef_uns
                0x0002ecd8                imxenc_enable_round_control
                0x0003026c                imx_enc
                0x0002ed5c                Init_imx_encode
                0x0002f0a4                imx_mul32_enc2
                0x0002ef3c                imxenc_nop
                0x0002ef98                imxenc_set_parameters_mul32
 .text          0x00030d98      0x13c /home/qxd/dm365/dvsdk_dm365_4_02_00_06/codecs-dm365_4_02_00_00/packages/ti/sdo/codecs/jpegdec/lib/libimx.a(imxenc_array_op.o)
                0x00030d98                imxenc_array_op
 .text          0x00030ed4      0x284 /home/qxd/dm365/dvsdk_dm365_4_02_00_06/codecs-dm365_4_02_00_00/packages/ti/sdo/codecs/jpegdec/lib/libimx.a(imxenc_array_op_not4macs.o)
                0x00030ed4                imxenc_array_op_not4macs
 .text          0x00031158      0x29c /home/qxd/dm365/dvsdk_dm365_4_02_00_06/codecs-dm365_4_02_00_00/packages/ti/sdo/codecs/jpegdec/lib/libimx.a(imxenc_array_scalar_op.o)
                0x00031158                imxenc_array_scalar_op_unpack
                0x00031298                imxenc_array_scalar_op
 .text          0x000313f4      0x2bc /home/qxd/dm365/dvsdk_dm365_4_02_00_06/codecs-dm365_4_02_00_00/packages/ti/sdo/codecs/jpegdec/lib/libimx.a(imxenc_array_scalar_op_not4macs.o)
                0x000313f4                imxenc_array_scalar_op_not4macs
 .text          0x000316b0      0x1c8 /home/qxd/dm365/dvsdk_dm365_4_02_00_06/codecs-dm365_4_02_00_00/packages/ti/sdo/codecs/jpegdec/lib/libimx.a(imxenc_rotate.o)
                0x000316b0                imxenc_rotate
 .text          0x00031878      0x2fc /home/qxd/dm365/dvsdk_dm365_4_02_00_06/codecs-dm365_4_02_00_00/packages/ti/sdo/codecs/jpegdec/lib/libimx.a(imxenc_ycbcrpack.o)
                0x00031878                imxenc_YCbCrPack
 .text          0x00031b74      0x92c /home/qxd/dm365/dvsdk_dm365_4_02_00_06/codecs-dm365_4_02_00_00/packages/ti/sdo/codecs/jpegdec/lib/libimx.a(imxenc_updnsmpl_point_op.o)
                0x00031b74                Init_updnsmpl_point_op_Params
                0x00031bcc                CalcAddrMod
                0x00031d84                imxenc_updnsmpl_point_op
 .text          0x000324a0      0x3f0 /home/qxd/dm365/dvsdk_dm365_4_02_00_06/framework-components_2_26_00_01/packages/ti/sdo/fc/vicpsync/lib/release/vicpsync.av5T(vicpsync.ov5T)
                0x00032574                VICPSYNC_start
                0x000326bc                VICPSYNC_unregister
                0x000324a0                VICPSYNC_wait
                0x00032790                VICPSYNC_done
 .text          0x00032890     0x11d4 /home/qxd/dm365/dvsdk_dm365_4_02_00_06/framework-components_2_26_00_01/packages/ti/sdo/fc/ires/vicp/lib/release/vicp.av5T(iresman_vicp2.ov5T)
                0x00032be0                IRESMAN_VICP2_getHandles
                0x000328d8                IRESMAN_VICP2_getProtocolRevision
                0x000329a0                IRESMAN_VICP2_freeHandles
                0x0003297c                VICP2_getDefaultParams
                0x00032960                VICP2_getIresmanFxns
                0x00032890                IRESMAN_VICP2_getProtocolName
                0x00033504                IRESMAN_VICP2_init
                0x0003348c                IRESMAN_VICP2_exit
 .text          0x00033a64      0x448 /home/qxd/dm365/dvsdk_dm365_4_02_00_06/framework-components_2_26_00_01/packages/ti/sdo/fc/ires/vicp/lib/release/vicp.av5T(ires_vicp2.ov5T)
                0x00033a80                IRES_VICP2_getRevision
                0x00033acc                IRES_VICP2_getStaticProperties
                0x00033b30                IRES_VICP2_constructHandle
                0x00033ac4                IRES_VICP2_getNumMemRecs
                0x00033a64                IRES_VICP2_getName
                0x00033b28                IRES_VICP2_destructHandle
                0x00033a9c                IRES_VICP2_getMemRecs
 .text          0x00033eac      0x3d4 /home/qxd/dm365/dvsdk_dm365_4_02_00_06/framework-components_2_26_00_01/packages/ti/sdo/fc/ires/grouputils/lib/release/grouputils.av5T(iresman_grouputils.ov5T)
                0x00033ef4                IRESMAN_GROUPUTILS_getProtocolRevision
                0x00033fec                IRESMAN_GROUPUTILS_exit
                0x0003425c                GROUPUTILS_getDefaultParams
                0x00034240                GROUPUTILS_getIresmanFxns
                0x00033eac                IRESMAN_GROUPUTILS_getProtocolName
                0x00034044                IRESMAN_GROUPUTILS_getHandles
                0x00033f3c                IRESMAN_GROUPUTILS_init
                0x0003419c                IRESMAN_GROUPUTILS_freeHandle
 .text          0x00034280      0x274 /home/qxd/dm365/dvsdk_dm365_4_02_00_06/framework-components_2_26_00_01/packages/ti/sdo/fc/ires/grouputils/lib/release/grouputils.av5T(ires_grouputils.ov5T)
                0x0003429c                IRES_GROUPUTILS_getRevision
                0x000342e8                IRES_GROUPUTILS_constructHandle
                0x000342b8                IRES_GROUPUTILS_getMemRecs
                0x00034398                IRES_GROUPUTILS_getStaticProperties
                0x00034280                IRES_GROUPUTILS_getName
                0x0003439c                IRES_GROUPUTILS_destructHandle
                0x000342e0                IRES_GROUPUTILS_getNumMemRecs
 .text          0x000344f4     0x1244 /home/qxd/dm365/dvsdk_dm365_4_02_00_06/framework-components_2_26_00_01/packages/ti/sdo/fc/ires/edma3chan/lib/release/edma3Chan.av5T(iresman_edma3ChanArm.ov5T)
                0x00034a80                IRESMAN_EDMA3CHAN_getHandles
                0x00034614                _checkContig
                0x000345ec                IRESMAN_EDMA3CHAN_exit
                0x000344f4                IRESMAN_EDMA3CHAN_getProtocolName
                0x00034584                IRESMAN_EDMA3CHAN_init
                0x000346b0                IRESMAN_EDMA3CHAN_freeHandle
                0x0003453c                IRESMAN_EDMA3CHAN_getProtocolRevision
                0x00034670                EDMA3CHAN_getIresmanFxns
                0x0003468c                EDMA3CHAN_getDefaultParams
 .text          0x00035738      0x4f4 /home/qxd/dm365/dvsdk_dm365_4_02_00_06/framework-components_2_26_00_01/packages/ti/sdo/fc/ires/edma3chan/lib/release/edma3Chan.av5T(ires_edma3Chan.ov5T)
                0x00035770                IRES_EDMA3CHAN_getMemRecs
                0x000357d4                IRES_EDMA3CHAN_constructHandle
                0x000357cc                IRES_EDMA3CHAN_getNumMemRecs
                0x00035b64                IRES_EDMA3CHAN_getStaticProperties
                0x00035738                IRES_EDMA3CHAN_getName
                0x00035c24                IRES_EDMA3CHAN_destructHandle
                0x00035754                IRES_EDMA3CHAN_getRevision
 .text          0x00035c2c     0x12b0 /home/qxd/dm365/dvsdk_dm365_4_02_00_06/framework-components_2_26_00_01/packages/ti/sdo/fc/edma3/lib/release/edma3.av5T(edma3_configArm.ov5T)
                0x00036a04                EDMA3_allocLogicalChannel
                0x00036158                EDMA3_getBaseAddress
                0x000360e4                EDMA3_freeResource
                0x000360a8                EDMA3_freeLogicalChannel
                0x000369ac                EDMA3_allocContiguousResource
                0x000361a8                EDMA3_getCCRegister
                0x00036b64                EDMA3_releaseResourceManager
                0x00036120                EDMA3_freeContiguousResource
                0x00036ce0                EDMA3_createResourceManagerObject
                0x00036a74                EDMA3_allocResource
                0x00036b08                EDMA3_deleteResourceManagerObject
                0x00036e04                EDMA3_getResourceManager
 .text          0x00036edc      0xd6c /home/qxd/dm365/dvsdk_dm365_4_02_00_06/framework-components_2_26_00_01/packages/ti/sdo/fc/rman/lib/release/rman.av5T(rman.ov5T)
                0x00036edc                RMAN_activateResource
                0x00037940                RMAN_init
                0x00036f54                RMAN_deactivateResource
                0x00037750                RMAN_register
                0x00037468                RMAN_assignResources
                0x00037088                RMAN_unregister
                0x00037b48                RMAN_exit
                0x00036f18                RMAN_activateAllResources
                0x00036f90                RMAN_deactivateAllResources
                0x00037318                RMAN_freeResources
 .text          0x00037c48      0x1d0 /home/qxd/dm365/dvsdk_dm365_4_02_00_06/framework-components_2_26_00_01/packages/ti/sdo/fc/ires/nullresource/lib/release/nullres.av5T(iresman_nullres.ov5T)
                0x00037d04                IRESMAN_NULLRES_getHandles
                0x00037c48                IRESMAN_NULLRES_getProtocolName
                0x00037c80                IRESMAN_NULLRES_init
                0x00037da8                IRESMAN_NULLRES_freeHandle
                0x00037cd4                IRESMAN_NULLRES_exit
                0x00037c64                IRESMAN_NULLRES_getProtocolRevision
 .text          0x00037e18      0xf5c /home/qxd/dm365/dvsdk_dm365_4_02_00_06/framework-components_2_26_00_01/packages/ti/sdo/utils/trace/lib/release/gt.av5T(gt.ov5T)
                0x00038ac4                _GT_set
                0x00038d0c                _GT_create
                0x00037fac                _GT_trace
                0x00038854                GT_getModNameFlags
                0x00037e54                GT_disable
                0x00037e18                GT_curTime
                0x00037e94                GT_enable
                0x00037eb4                GT_init
 .text          0x00038d74      0x75c /home/qxd/dm365/dvsdk_dm365_4_02_00_06/framework-components_2_26_00_01/packages/ti/sdo/fc/ires/hdvicp/lib/release/hdvicp.av5T(iresman_hdvicp.ov5T)
                0x000392c0                HDVICP_getIresmanFxns
                0x00038d74                IRESMAN_HDVICP_getProtocolName
                0x00038dbc                IRESMAN_HDVICP_getProtocolRevision
                0x00039178                IRESMAN_HDVICP_freeHandles
                0x00039388                IRESMAN_HDVICP_init
                0x00039300                IRESMAN_HDVICP_exit
                0x000392dc                HDVICP_getDefaultParams
                0x00038e04                IRESMAN_HDVICP_getHandles
 .text          0x000394d0      0x248 /home/qxd/dm365/dvsdk_dm365_4_02_00_06/framework-components_2_26_00_01/packages/ti/sdo/fc/ires/hdvicp/lib/release/hdvicp.av5T(ires_hdvicp.ov5T)
                0x0003957c                IRES_HDVICP_constructHandle
                0x00039574                IRES_HDVICP_destructHandle
                0x00039568                IRES_HDVICP_getStaticProperties
                0x00039560                IRES_HDVICP_getNumMemRecs
                0x00039538                IRES_HDVICP_getMemRecs
                0x00039504                IRES_HDVICP_getRevision
                0x000394d0                IRES_HDVICP_getName
 .text          0x00039718      0x438 /home/qxd/dm365/dvsdk_dm365_4_02_00_06/linuxutils_2_26_01_02/packages/ti/sdo/linuxutils/vicp/lib/vicp.a470MV(vicp.o470MV)
                0x000397c0                VICP_done
                0x00039838                VICP_wait
                0x00039a48                VICP_init
                0x000399d8                VICP_exit
                0x000398a4                VICP_unregister
                0x0003992c                VICP_register
 .text          0x00039b50      0x2f4 /home/qxd/dm365/dvsdk_dm365_4_02_00_06/framework-components_2_26_00_01/packages/ti/sdo/fc/utils/lib/release/smgrmp.av5T(smgrmp.ov5T)
                0x00039bf8                SMGRMP_delete
                0x00039b54                SMGRMP_init
                0x00039df8                SMGRMP_alloc
                0x00039bac                SMGRMP_free
                0x00039ca0                SMGRMP_create
                0x00039b50                SMGRMP_exit
 .text          0x00039e44      0x4e8 /home/qxd/dm365/dvsdk_dm365_4_02_00_06/framework-components_2_26_00_01/packages/ti/sdo/fc/utils/lib/release/smgrmp.av5T(smgr.ov5T)
                0x0003a028                SMGR_alloc
                0x00039e44                SMGR_create
                0x00039f0c                SMGR_delete
                0x0003a024                SMGR_init
                0x00039f44                SMGR_free
                0x00039f40                SMGR_exit
 .text          0x0003a32c      0x168 /home/qxd/dm365/dvsdk_dm365_4_02_00_06/framework-components_2_26_00_01/packages/ti/sdo/fc/utils/lib/release/shm.av5T(sharedMem.ov5T)
                0x0003a32c                SHM_freeObj
                0x0003a398                SHM_getObj
 .text          0x0003a494      0x48c /home/qxd/dm365/dvsdk_dm365_4_02_00_06/framework-components_2_26_00_01/packages/ti/sdo/fc/ires/addrspace/lib/release/addrspace.av5T(iresman_addrspace.ov5T)
                0x0003a4dc                IRESMAN_ADDRSPACE_getProtocolRevision
                0x0003a494                IRESMAN_ADDRSPACE_getProtocolName
                0x0003a6b0                IRESMAN_ADDRSPACE_getHandles
                0x0003a600                IRESMAN_ADDRSPACE_freeHandle
                0x0003a590                IRESMAN_ADDRSPACE_exit
                0x0003a524                IRESMAN_ADDRSPACE_init
                0x0003a5dc                ADDRSPACE_getDefaultParams
                0x0003a5c0                ADDRSPACE_getIresmanFxns
 .text          0x0003a920       0xdc /home/qxd/dm365/dvsdk_dm365_4_02_00_06/framework-components_2_26_00_01/packages/ti/sdo/fc/ires/addrspace/lib/release/addrspace.av5T(ires_addrspace.ov5T)
                0x0003a9f0                IRES_ADDRSPACE_getStaticProperties
                0x0003a920                IRES_ADDRSPACE_getName
                0x0003a958                IRES_ADDRSPACE_getMemRecs
                0x0003a980                IRES_ADDRSPACE_getNumMemRecs
                0x0003a93c                IRES_ADDRSPACE_getRevision
                0x0003a9f4                IRES_ADDRSPACE_destructHandle
                0x0003a988                IRES_ADDRSPACE_constructHandle
 .text          0x0003a9fc       0xa8 /home/qxd/dm365/dvsdk_dm365_4_02_00_06/framework-components_2_26_00_01/packages/ti/sdo/fc/memutils/lib/release/memutils.av5T(memutils_cmem.ov5T)
                0x0003aa28                MEMUTILS_cacheWb
                0x0003a9fc                MEMUTILS_cacheWbInv
                0x0003aa80                MEMUTILS_getPhysicalAddr
                0x0003aa54                MEMUTILS_cacheInv
 .text          0x0003aaa4      0xb18 /home/qxd/dm365/dvsdk_dm365_4_02_00_06/linuxutils_2_26_01_02/packages/ti/sdo/linuxutils/cmem/lib/cmem.a470MV(cmem.o470MV)
                0x0003b40c                CMEM_init
                0x0003b184                CMEM_allocPool
                0x0003ab90                CMEM_getNumBlocks
                0x0003ae00                CMEM_cacheWb
                0x0003b040                CMEM_unregister
                0x0003b3fc                CMEM_alloc
                0x0003b180                CMEM_allocPool2
                0x0003b194                CMEM_registerAlloc
                0x0003ac80                CMEM_getBlockAttrs
                0x0003ac98                CMEM_getVersion
                0x0003ad00                CMEM_cacheInv
                0x0003af80                CMEM_free
                0x0003ad80                CMEM_cacheWbInv
                0x0003ac88                CMEM_getBlock
                0x0003ae80                CMEM_getPhys
                0x0003af70                CMEM_getPool2
                0x0003b3f8                CMEM_alloc2
                0x0003af74                CMEM_getPool
                0x0003ab40                CMEM_exit
 .text          0x0003b5bc      0x550 /home/qxd/dm365/dvsdk_dm365_4_02_00_06/linuxutils_2_26_01_02/packages/ti/sdo/linuxutils/edma/lib/edma.a470MV(edma.o470MV)
                0x0003b7cc                EDMA_mapBaseAddress
                0x0003b908                EDMA_init
                0x0003b638                EDMA_unregister
                0x0003b764                EDMA_getVersion
                0x0003b63c                EDMA_registerResource
                0x0003b8a0                EDMA_exit
                0x0003b5bc                EDMA_freeResource
                0x0003b6ac                EDMA_getResource
 .text          0x0003bb0c      0x20c /opt/4.3.2/bin/../lib/gcc/arm-none-linux-gnueabi/4.3.2/libgcc.a(_udivsi3.o)
                0x0003bb0c                __udivsi3
                0x0003bb0c                __aeabi_uidiv
                0x0003bcf8                __aeabi_uidivmod
 .text          0x0003bd18      0x240 /opt/4.3.2/bin/../lib/gcc/arm-none-linux-gnueabi/4.3.2/libgcc.a(_divsi3.o)
                0x0003bd18                __divsi3
                0x0003bf38                __aeabi_idivmod
                0x0003bd18                __aeabi_idiv
 .text          0x0003bf58      0x3b8 /opt/4.3.2/bin/../lib/gcc/arm-none-linux-gnueabi/4.3.2/libgcc.a(_arm_addsubdf3.o)
                0x0003c29c                __floatundidf
                0x0003c234                __floatsidf
                0x0003c210                __aeabi_ui2d
                0x0003c234                __aeabi_i2d
                0x0003c210                __floatunsidf
                0x0003bf60                __subdf3
                0x0003c2b0                __floatdidf
                0x0003bf64                __adddf3
                0x0003c2b0                __aeabi_l2d
                0x0003c25c                __aeabi_f2d
                0x0003c29c                __aeabi_ul2d
                0x0003bf58                __aeabi_drsub
                0x0003c25c                __extendsfdf2
                0x0003bf64                __aeabi_dadd
                0x0003bf60                __aeabi_dsub
 .text          0x0003c310      0x470 /opt/4.3.2/bin/../lib/gcc/arm-none-linux-gnueabi/4.3.2/libgcc.a(_arm_muldivdf3.o)
                0x0003c310                __muldf3
                0x0003c57c                __divdf3
                0x0003c310                __aeabi_dmul
                0x0003c57c                __aeabi_ddiv
 .text          0x0003c780       0x54 /opt/4.3.2/bin/../lib/gcc/arm-none-linux-gnueabi/4.3.2/libgcc.a(_arm_fixunsdfsi.o)
                0x0003c780                __fixunsdfsi
                0x0003c780                __aeabi_d2uiz
 .text          0x0003c7d4       0x10 /opt/4.3.2/bin/../lib/gcc/arm-none-linux-gnueabi/4.3.2/libgcc.a(_dvmd_lnx.o)
                0x0003c7d4                __aeabi_idiv0
                0x0003c7d4                __aeabi_ldiv0
 .text          0x0003c7e4       0x70 /opt/4.3.2/bin/../arm-none-linux-gnueabi/libc/usr/lib/libc_nonshared.a(elf-init.oS)
                0x0003c7e4                __libc_csu_fini
                0x0003c7e8                __libc_csu_init
 .text          0x0003c854       0x28 /opt/4.3.2/bin/../arm-none-linux-gnueabi/libc/usr/lib/libc_nonshared.a(atexit.oS)
                0x0003c854                atexit
 .text          0x0003c87c        0x0 /opt/4.3.2/bin/../lib/gcc/arm-none-linux-gnueabi/4.3.2/crtend.o
 .text          0x0003c87c        0x0 /opt/4.3.2/bin/../arm-none-linux-gnueabi/libc/usr/lib/crtn.o
 *(.gnu.warning)
 *(.glue_7t)
 .glue_7t       0x0003c87c        0x0 /opt/4.3.2/bin/../arm-none-linux-gnueabi/libc/usr/lib/crt1.o
 .glue_7t       0x0003c87c        0x0 /opt/4.3.2/bin/../arm-none-linux-gnueabi/libc/usr/lib/crti.o
 .glue_7t       0x0003c87c        0x0 /opt/4.3.2/bin/../lib/gcc/arm-none-linux-gnueabi/4.3.2/crtbegin.o
 .glue_7t       0x0003c87c        0x0 /opt/4.3.2/bin/../arm-none-linux-gnueabi/libc/lib/libpthread.so.0
 .glue_7t       0x0003c87c        0x0 /opt/4.3.2/bin/../arm-none-linux-gnueabi/libc/usr/lib/libm.so
 .glue_7t       0x0003c87c        0x0 appMain.dm365.o470MV
 .glue_7t       0x0003c87c        0x0 linux/main.dm365.o470MV
 .glue_7t       0x0003c87c        0x0 /home/qxd/dm365/dvsdk_dm365_4_02_00_06/dmai_2_20_00_15/packages/ti/sdo/dmai/apps/image_decode_io1/linux/image_decode_io1_dm365_config/package/cfg/image_decode_io1_dm365_xv5T.ov5T
 .glue_7t       0x0003c87c        0x0 /home/qxd/dm365/dvsdk_dm365_4_02_00_06/dmai_2_20_00_15/packages/ti/sdo/dmai/lib/dmai_linux_dm365.a470MV(Buffer.dm365.o470MV)
 .glue_7t       0x0003c87c        0x0 /home/qxd/dm365/dvsdk_dm365_4_02_00_06/dmai_2_20_00_15/packages/ti/sdo/dmai/lib/dmai_linux_dm365.a470MV(BufferGfx.dm365.o470MV)
 .glue_7t       0x0003c87c        0x0 /home/qxd/dm365/dvsdk_dm365_4_02_00_06/dmai_2_20_00_15/packages/ti/sdo/dmai/lib/dmai_linux_dm365.a470MV(ColorSpace.dm365.o470MV)
 .glue_7t       0x0003c87c        0x0 /home/qxd/dm365/dvsdk_dm365_4_02_00_06/dmai_2_20_00_15/packages/ti/sdo/dmai/lib/dmai_linux_dm365.a470MV(VideoStd.dm365.o470MV)
 .glue_7t       0x0003c87c        0x0 /home/qxd/dm365/dvsdk_dm365_4_02_00_06/dmai_2_20_00_15/packages/ti/sdo/dmai/lib/dmai_linux_dm365.a470MV(Idec1.dm365.o470MV)
 .glue_7t       0x0003c87c        0x0 /home/qxd/dm365/dvsdk_dm365_4_02_00_06/dmai_2_20_00_15/packages/ti/sdo/dmai/lib/dmai_linux_dm365.a470MV(Dmai.dm365.o470MV)
 .glue_7t       0x0003c87c        0x0 /home/qxd/dm365/dvsdk_dm365_4_02_00_06/codec-engine_2_26_02_11/packages/ti/sdo/ce/image1/lib/release/imgdec1.av5T(imgdec1.ov5T)
 .glue_7t       0x0003c87c        0x0 /home/qxd/dm365/dvsdk_dm365_4_02_00_06/codec-engine_2_26_02_11/packages/ti/sdo/ce/lib/release/ce.av5T(Server.ov5T)
 .glue_7t       0x0003c87c        0x0 /home/qxd/dm365/dvsdk_dm365_4_02_00_06/codec-engine_2_26_02_11/packages/ti/sdo/ce/lib/release/ce.av5T(Engine.ov5T)
 .glue_7t       0x0003c87c        0x0 /home/qxd/dm365/dvsdk_dm365_4_02_00_06/codec-engine_2_26_02_11/packages/ti/sdo/ce/lib/release/ce.av5T(visa.ov5T)
 .glue_7t       0x0003c87c        0x0 /home/qxd/dm365/dvsdk_dm365_4_02_00_06/codec-engine_2_26_02_11/packages/ti/sdo/ce/lib/release/ce.av5T(package_ti.sdo.ce.ov5T)
 .glue_7t       0x0003c87c        0x0 /home/qxd/dm365/dvsdk_dm365_4_02_00_06/codec-engine_2_26_02_11/packages/ti/sdo/ce/alg/lib/release/Algorithm_noOS.av5T(Algorithm_noOS.ov5T)
 .glue_7t       0x0003c87c        0x0 /home/qxd/dm365/dvsdk_dm365_4_02_00_06/codec-engine_2_26_02_11/packages/ti/sdo/ce/alg/lib/release/alg.av5T(alg_create.ov5T)
 .glue_7t       0x0003c87c        0x0 /home/qxd/dm365/dvsdk_dm365_4_02_00_06/codec-engine_2_26_02_11/packages/ti/sdo/ce/alg/lib/release/alg.av5T(alg_malloc.ov5T)
 .glue_7t       0x0003c87c        0x0 /home/qxd/dm365/dvsdk_dm365_4_02_00_06/codec-engine_2_26_02_11/packages/ti/sdo/ce/ipc/linux/lib/release/ipc_linux.av5T(Processor_posix.ov5T)
 .glue_7t       0x0003c87c        0x0 /home/qxd/dm365/dvsdk_dm365_4_02_00_06/codec-engine_2_26_02_11/packages/ti/sdo/ce/ipc/linux/lib/release/ipc_linux.av5T(Comm_posix.ov5T)
 .glue_7t       0x0003c87c        0x0 /home/qxd/dm365/dvsdk_dm365_4_02_00_06/codec-engine_2_26_02_11/packages/ti/sdo/ce/osal/linux/lib/release/osal_linux_470.av5T(LockMP_posix.ov5T)
 .glue_7t       0x0003c87c        0x0 /home/qxd/dm365/dvsdk_dm365_4_02_00_06/codec-engine_2_26_02_11/packages/ti/sdo/ce/osal/linux/lib/release/osal_linux_470.av5T(Queue_posix.ov5T)
 .glue_7t       0x0003c87c        0x0 /home/qxd/dm365/dvsdk_dm365_4_02_00_06/codec-engine_2_26_02_11/packages/ti/sdo/ce/osal/linux/lib/release/osal_linux_470.av5T(GT_config_libC.ov5T)
 .glue_7t       0x0003c87c        0x0 /home/qxd/dm365/dvsdk_dm365_4_02_00_06/codec-engine_2_26_02_11/packages/ti/sdo/ce/osal/linux/lib/release/osal_linux_470.av5T(Memory_cmem.ov5T)
 .glue_7t       0x0003c87c        0x0 /home/qxd/dm365/dvsdk_dm365_4_02_00_06/codec-engine_2_26_02_11/packages/ti/sdo/ce/osal/linux/lib/release/osal_linux_470.av5T(Global_noOS.ov5T)
 .glue_7t       0x0003c87c        0x0 /home/qxd/dm365/dvsdk_dm365_4_02_00_06/codec-engine_2_26_02_11/packages/ti/sdo/ce/osal/linux/lib/release/osal_linux_470.av5T(Thread_posix.ov5T)
 .glue_7t       0x0003c87c        0x0 /home/qxd/dm365/dvsdk_dm365_4_02_00_06/codec-engine_2_26_02_11/packages/ti/sdo/ce/osal/linux/lib/release/osal_linux_470.av5T(Log_noOS.ov5T)
 .glue_7t       0x0003c87c        0x0 /home/qxd/dm365/dvsdk_dm365_4_02_00_06/codec-engine_2_26_02_11/packages/ti/sdo/ce/osal/linux/lib/release/osal_linux_470.av5T(Lock_posix.ov5T)
 .glue_7t       0x0003c87c        0x0 /home/qxd/dm365/dvsdk_dm365_4_02_00_06/codec-engine_2_26_02_11/packages/ti/sdo/ce/osal/linux/lib/release/osal_linux_470.av5T(GT_config_posix.ov5T)
 .glue_7t       0x0003c87c        0x0 /home/qxd/dm365/dvsdk_dm365_4_02_00_06/codec-engine_2_26_02_11/packages/ti/sdo/ce/osal/linux/lib/release/osal_linux_470.av5T(SemMP_posix.ov5T)
 .glue_7t       0x0003c87c        0x0 /home/qxd/dm365/dvsdk_dm365_4_02_00_06/codec-engine_2_26_02_11/packages/ti/sdo/ce/osal/linux/lib/release/osal_linux_470.av5T(Sem_posix.ov5T)
 .glue_7t       0x0003c87c        0x0 /home/qxd/dm365/dvsdk_dm365_4_02_00_06/codec-engine_2_26_02_11/packages/ti/sdo/ce/utils/xdm/lib/release/XdmUtils.av5T(XdmUtils.ov5T)
 .glue_7t       0x0003c87c        0x0 /home/qxd/dm365/dvsdk_dm365_4_02_00_06/codecs-dm365_4_02_00_00/packages/ti/sdo/codecs/jpegdec/lib/libjpgdec.a(jpegdec_ti_ires.o)
 .glue_7t       0x0003c87c        0x0 /home/qxd/dm365/dvsdk_dm365_4_02_00_06/codecs-dm365_4_02_00_00/packages/ti/sdo/codecs/jpegdec/lib/libjpgdec.a(jpegdec_ti_vtab.o)
 .glue_7t       0x0003c87c        0x0 /home/qxd/dm365/dvsdk_dm365_4_02_00_06/codecs-dm365_4_02_00_00/packages/ti/sdo/codecs/jpegdec/lib/libjpgdec.a(jpegdec_os_abstract.o)
 .glue_7t       0x0003c87c        0x0 /home/qxd/dm365/dvsdk_dm365_4_02_00_06/codecs-dm365_4_02_00_00/packages/ti/sdo/codecs/jpegdec/lib/libjpgdec.a(jpegdec_ti.o)
 .glue_7t       0x0003c87c        0x0 /home/qxd/dm365/dvsdk_dm365_4_02_00_06/codecs-dm365_4_02_00_00/packages/ti/sdo/codecs/jpegdec/lib/libjpgdec.a(jpegdec_vicpsync.o)
 .glue_7t       0x0003c87c        0x0 /home/qxd/dm365/dvsdk_dm365_4_02_00_06/codecs-dm365_4_02_00_00/packages/ti/sdo/codecs/jpegdec/lib/libjpgdec.a(hwset_copc.o)
 .glue_7t       0x0003c87c        0x0 /home/qxd/dm365/dvsdk_dm365_4_02_00_06/codecs-dm365_4_02_00_00/packages/ti/sdo/codecs/jpegdec/lib/libjpgdec.a(HWSET_iMX_JPEG_Dec_rotation.o)
 .glue_7t       0x0003c87c        0x0 /home/qxd/dm365/dvsdk_dm365_4_02_00_06/codecs-dm365_4_02_00_00/packages/ti/sdo/codecs/jpegdec/lib/libjpgdec.a(HWSET_iMX_Load_JPEG_Dec_pack.o)
 .glue_7t       0x0003c87c        0x0 /home/qxd/dm365/dvsdk_dm365_4_02_00_06/codecs-dm365_4_02_00_00/packages/ti/sdo/codecs/jpegdec/lib/libjpgdec.a(HWSET_iMX_Load_JPEG_Dec_scaling.o)
 .glue_7t       0x0003c87c        0x0 /home/qxd/dm365/dvsdk_dm365_4_02_00_06/codecs-dm365_4_02_00_00/packages/ti/sdo/codecs/jpegdec/lib/libjpgdec.a(HWSET_InitJpegDec360.o)
 .glue_7t       0x0003c87c        0x0 /home/qxd/dm365/dvsdk_dm365_4_02_00_06/codecs-dm365_4_02_00_00/packages/ti/sdo/codecs/jpegdec/lib/libjpgdec.a(JpegDec360.o)
 .glue_7t       0x0003c87c        0x0 /home/qxd/dm365/dvsdk_dm365_4_02_00_06/codecs-dm365_4_02_00_00/packages/ti/sdo/codecs/jpegdec/lib/libjpgdec.a(jpeg_dec_parser.o)
 .glue_7t       0x0003c87c        0x0 /home/qxd/dm365/dvsdk_dm365_4_02_00_06/codecs-dm365_4_02_00_00/packages/ti/sdo/codecs/jpegdec/lib/libjpgdec.a(jpgd_ini_uvld.o)
 .glue_7t       0x0003c87c        0x0 /home/qxd/dm365/dvsdk_dm365_4_02_00_06/codecs-dm365_4_02_00_00/packages/ti/sdo/codecs/jpegdec/lib/libjpgdec.a(hwset_bimx.o)
 .glue_7t       0x0003c87c        0x0 /home/qxd/dm365/dvsdk_dm365_4_02_00_06/codecs-dm365_4_02_00_00/packages/ti/sdo/codecs/jpegdec/lib/libjpgdec.a(HWSET_BiMX_Load_JPEG_Dec_420.o)
 .glue_7t       0x0003c87c        0x0 /home/qxd/dm365/dvsdk_dm365_4_02_00_06/codecs-dm365_4_02_00_00/packages/ti/sdo/codecs/jpegdec/lib/libjpgdec.a(HWSET_BiMX_Load_JPEG_Dec_422.o)
 .glue_7t       0x0003c87c        0x0 /home/qxd/dm365/dvsdk_dm365_4_02_00_06/codecs-dm365_4_02_00_00/packages/ti/sdo/codecs/jpegdec/lib/libjpgdec.a(HWSET_BiMX_Load_JPEG_Dec_422V.o)
 .glue_7t       0x0003c87c        0x0 /home/qxd/dm365/dvsdk_dm365_4_02_00_06/codecs-dm365_4_02_00_00/packages/ti/sdo/codecs/jpegdec/lib/libjpgdec.a(HWSET_BiMX_Load_JPEG_Dec_444.o)
 .glue_7t       0x0003c87c        0x0 /home/qxd/dm365/dvsdk_dm365_4_02_00_06/codecs-dm365_4_02_00_00/packages/ti/sdo/codecs/jpegdec/lib/libjpgdec.a(HWSET_BiMX_Load_JPEG_Dec_Copy.o)
 .glue_7t       0x0003c87c        0x0 /home/qxd/dm365/dvsdk_dm365_4_02_00_06/codecs-dm365_4_02_00_00/packages/ti/sdo/codecs/jpegdec/lib/libjpgdec.a(HWSET_BiMX_Load_JPEG_Dec_MONO.o)
 .glue_7t       0x0003c87c        0x0 /home/qxd/dm365/dvsdk_dm365_4_02_00_06/codecs-dm365_4_02_00_00/packages/ti/sdo/codecs/jpegdec/lib/libjpgdec.a(hwset_bpvlcd.o)
 .glue_7t       0x0003c87c        0x0 /home/qxd/dm365/dvsdk_dm365_4_02_00_06/codecs-dm365_4_02_00_00/packages/ti/sdo/codecs/jpegdec/lib/libjpgdec.a(hwset_dct.o)
 .glue_7t       0x0003c87c        0x0 /home/qxd/dm365/dvsdk_dm365_4_02_00_06/codecs-dm365_4_02_00_00/packages/ti/sdo/codecs/jpegdec/lib/libjpgdec.a(hwset_qiq.o)
 .glue_7t       0x0003c87c        0x0 /home/qxd/dm365/dvsdk_dm365_4_02_00_06/codecs-dm365_4_02_00_00/packages/ti/sdo/codecs/jpegdec/lib/libjpgdec.a(JpegDec360_Edma.o)
 .glue_7t       0x0003c87c        0x0 /home/qxd/dm365/dvsdk_dm365_4_02_00_06/codecs-dm365_4_02_00_00/packages/ti/sdo/codecs/jpegdec/lib/libjpgdec.a(JpegDec360_Sqr.o)
 .glue_7t       0x0003c87c        0x0 /home/qxd/dm365/dvsdk_dm365_4_02_00_06/codecs-dm365_4_02_00_00/packages/ti/sdo/codecs/jpegdec/lib/libjpgdec.a(jpeg_dec_marker.o)
 .glue_7t       0x0003c87c        0x0 /home/qxd/dm365/dvsdk_dm365_4_02_00_06/codecs-dm365_4_02_00_00/packages/ti/sdo/codecs/jpegdec/lib/libjpgdec.a(jpgd360seq.o)
 .glue_7t       0x0003c87c        0x0 /home/qxd/dm365/dvsdk_dm365_4_02_00_06/codecs-dm365_4_02_00_00/packages/ti/sdo/codecs/jpegdec/lib/libjpgdec.a(AddressConverter.o)
 .glue_7t       0x0003c87c        0x0 /home/qxd/dm365/dvsdk_dm365_4_02_00_06/codecs-dm365_4_02_00_00/packages/ti/sdo/codecs/jpegdec/lib/libjpgdec.a(Bimxenc_360_saturation.o)
 .glue_7t       0x0003c87c        0x0 /home/qxd/dm365/dvsdk_dm365_4_02_00_06/codecs-dm365_4_02_00_00/packages/ti/sdo/codecs/jpegdec/lib/libjpgdec.a(bimx_enc.o)
 .glue_7t       0x0003c87c        0x0 /home/qxd/dm365/dvsdk_dm365_4_02_00_06/codecs-dm365_4_02_00_00/packages/ti/sdo/codecs/jpegdec/lib/libjpgdec.a(Bimxenc_REFBbank.o)
 .glue_7t       0x0003c87c        0x0 /home/qxd/dm365/dvsdk_dm365_4_02_00_06/codecs-dm365_4_02_00_00/packages/ti/sdo/codecs/jpegdec/lib/libjpgdec.a(Bimxenc_sleep.o)
 .glue_7t       0x0003c87c        0x0 /home/qxd/dm365/dvsdk_dm365_4_02_00_06/codecs-dm365_4_02_00_00/packages/ti/sdo/codecs/jpegdec/lib/libjpgdec.a(ImageBuffer.o)
 .glue_7t       0x0003c87c        0x0 /home/qxd/dm365/dvsdk_dm365_4_02_00_06/codecs-dm365_4_02_00_00/packages/ti/sdo/codecs/jpegdec/lib/libjpgdec.a(jpeg_dec_huf_tbl.o)
 .glue_7t       0x0003c87c        0x0 /home/qxd/dm365/dvsdk_dm365_4_02_00_06/codecs-dm365_4_02_00_00/packages/ti/sdo/codecs/jpegdec/lib/libjpgdec.a(jpeg_dec_io.o)
 .glue_7t       0x0003c87c        0x0 /home/qxd/dm365/dvsdk_dm365_4_02_00_06/codecs-dm365_4_02_00_00/packages/ti/sdo/codecs/jpegdec/lib/libimx.a(imxenc_scalingH.o)
 .glue_7t       0x0003c87c        0x0 /home/qxd/dm365/dvsdk_dm365_4_02_00_06/codecs-dm365_4_02_00_00/packages/ti/sdo/codecs/jpegdec/lib/libimx.a(imxenc_scalingV.o)
 .glue_7t       0x0003c87c        0x0 /home/qxd/dm365/dvsdk_dm365_4_02_00_06/codecs-dm365_4_02_00_00/packages/ti/sdo/codecs/jpegdec/lib/libimx.a(imxtlu350.o)
 .glue_7t       0x0003c87c        0x0 /home/qxd/dm365/dvsdk_dm365_4_02_00_06/codecs-dm365_4_02_00_00/packages/ti/sdo/codecs/jpegdec/lib/libimx.a(imxUpdate_array_scalar_op.o)
 .glue_7t       0x0003c87c        0x0 /home/qxd/dm365/dvsdk_dm365_4_02_00_06/codecs-dm365_4_02_00_00/packages/ti/sdo/codecs/jpegdec/lib/libimx.a(imxUpdate_ptr270.o)
 .glue_7t       0x0003c87c        0x0 /home/qxd/dm365/dvsdk_dm365_4_02_00_06/codecs-dm365_4_02_00_00/packages/ti/sdo/codecs/jpegdec/lib/libimx.a(imxivaenc.o)
 .glue_7t       0x0003c87c        0x0 /home/qxd/dm365/dvsdk_dm365_4_02_00_06/codecs-dm365_4_02_00_00/packages/ti/sdo/codecs/jpegdec/lib/libimx.a(imxenc_array_op.o)
 .glue_7t       0x0003c87c        0x0 /home/qxd/dm365/dvsdk_dm365_4_02_00_06/codecs-dm365_4_02_00_00/packages/ti/sdo/codecs/jpegdec/lib/libimx.a(imxenc_array_op_not4macs.o)
 .glue_7t       0x0003c87c        0x0 /home/qxd/dm365/dvsdk_dm365_4_02_00_06/codecs-dm365_4_02_00_00/packages/ti/sdo/codecs/jpegdec/lib/libimx.a(imxenc_array_scalar_op.o)
 .glue_7t       0x0003c87c        0x0 /home/qxd/dm365/dvsdk_dm365_4_02_00_06/codecs-dm365_4_02_00_00/packages/ti/sdo/codecs/jpegdec/lib/libimx.a(imxenc_array_scalar_op_not4macs.o)
 .glue_7t       0x0003c87c        0x0 /home/qxd/dm365/dvsdk_dm365_4_02_00_06/codecs-dm365_4_02_00_00/packages/ti/sdo/codecs/jpegdec/lib/libimx.a(imxenc_rotate.o)
 .glue_7t       0x0003c87c        0x0 /home/qxd/dm365/dvsdk_dm365_4_02_00_06/codecs-dm365_4_02_00_00/packages/ti/sdo/codecs/jpegdec/lib/libimx.a(imxenc_ycbcrpack.o)
 .glue_7t       0x0003c87c        0x0 /home/qxd/dm365/dvsdk_dm365_4_02_00_06/codecs-dm365_4_02_00_00/packages/ti/sdo/codecs/jpegdec/lib/libimx.a(imxenc_updnsmpl_point_op.o)
 .glue_7t       0x0003c87c        0x0 /home/qxd/dm365/dvsdk_dm365_4_02_00_06/framework-components_2_26_00_01/packages/ti/sdo/fc/vicpsync/lib/release/vicpsync.av5T(vicpsync.ov5T)
 .glue_7t       0x0003c87c        0x0 /home/qxd/dm365/dvsdk_dm365_4_02_00_06/framework-components_2_26_00_01/packages/ti/sdo/fc/ires/vicp/lib/release/vicp.av5T(iresman_vicp2.ov5T)
 .glue_7t       0x0003c87c        0x0 /home/qxd/dm365/dvsdk_dm365_4_02_00_06/framework-components_2_26_00_01/packages/ti/sdo/fc/ires/vicp/lib/release/vicp.av5T(ires_vicp2.ov5T)
 .glue_7t       0x0003c87c        0x0 /home/qxd/dm365/dvsdk_dm365_4_02_00_06/framework-components_2_26_00_01/packages/ti/sdo/fc/ires/grouputils/lib/release/grouputils.av5T(iresman_grouputils.ov5T)
 .glue_7t       0x0003c87c        0x0 /home/qxd/dm365/dvsdk_dm365_4_02_00_06/framework-components_2_26_00_01/packages/ti/sdo/fc/ires/grouputils/lib/release/grouputils.av5T(ires_grouputils.ov5T)
 .glue_7t       0x0003c87c        0x0 /home/qxd/dm365/dvsdk_dm365_4_02_00_06/framework-components_2_26_00_01/packages/ti/sdo/fc/ires/edma3chan/lib/release/edma3Chan.av5T(iresman_edma3ChanArm.ov5T)
 .glue_7t       0x0003c87c        0x0 /home/qxd/dm365/dvsdk_dm365_4_02_00_06/framework-components_2_26_00_01/packages/ti/sdo/fc/ires/edma3chan/lib/release/edma3Chan.av5T(ires_edma3Chan.ov5T)
 .glue_7t       0x0003c87c        0x0 /home/qxd/dm365/dvsdk_dm365_4_02_00_06/framework-components_2_26_00_01/packages/ti/sdo/fc/edma3/lib/release/edma3.av5T(edma3_configArm.ov5T)
 .glue_7t       0x0003c87c        0x0 /home/qxd/dm365/dvsdk_dm365_4_02_00_06/framework-components_2_26_00_01/packages/ti/sdo/fc/rman/lib/release/rman.av5T(rman.ov5T)
 .glue_7t       0x0003c87c        0x0 /home/qxd/dm365/dvsdk_dm365_4_02_00_06/framework-components_2_26_00_01/packages/ti/sdo/fc/ires/nullresource/lib/release/nullres.av5T(iresman_nullres.ov5T)
 .glue_7t       0x0003c87c        0x0 /home/qxd/dm365/dvsdk_dm365_4_02_00_06/framework-components_2_26_00_01/packages/ti/sdo/utils/trace/lib/release/gt.av5T(gt.ov5T)
 .glue_7t       0x0003c87c        0x0 /home/qxd/dm365/dvsdk_dm365_4_02_00_06/framework-components_2_26_00_01/packages/ti/sdo/fc/ires/hdvicp/lib/release/hdvicp.av5T(iresman_hdvicp.ov5T)
 .glue_7t       0x0003c87c        0x0 /home/qxd/dm365/dvsdk_dm365_4_02_00_06/framework-components_2_26_00_01/packages/ti/sdo/fc/ires/hdvicp/lib/release/hdvicp.av5T(ires_hdvicp.ov5T)
 .glue_7t       0x0003c87c        0x0 /home/qxd/dm365/dvsdk_dm365_4_02_00_06/linuxutils_2_26_01_02/packages/ti/sdo/linuxutils/vicp/lib/vicp.a470MV(vicp.o470MV)
 .glue_7t       0x0003c87c        0x0 /home/qxd/dm365/dvsdk_dm365_4_02_00_06/framework-components_2_26_00_01/packages/ti/sdo/fc/utils/lib/release/smgrmp.av5T(smgrmp.ov5T)
 .glue_7t       0x0003c87c        0x0 /home/qxd/dm365/dvsdk_dm365_4_02_00_06/framework-components_2_26_00_01/packages/ti/sdo/fc/utils/lib/release/smgrmp.av5T(smgr.ov5T)
 .glue_7t       0x0003c87c        0x0 /home/qxd/dm365/dvsdk_dm365_4_02_00_06/framework-components_2_26_00_01/packages/ti/sdo/fc/utils/lib/release/shm.av5T(sharedMem.ov5T)
 .glue_7t       0x0003c87c        0x0 /home/qxd/dm365/dvsdk_dm365_4_02_00_06/framework-components_2_26_00_01/packages/ti/sdo/fc/ires/addrspace/lib/release/addrspace.av5T(iresman_addrspace.ov5T)
 .glue_7t       0x0003c87c        0x0 /home/qxd/dm365/dvsdk_dm365_4_02_00_06/framework-components_2_26_00_01/packages/ti/sdo/fc/ires/addrspace/lib/release/addrspace.av5T(ires_addrspace.ov5T)
 .glue_7t       0x0003c87c        0x0 /home/qxd/dm365/dvsdk_dm365_4_02_00_06/framework-components_2_26_00_01/packages/ti/sdo/fc/memutils/lib/release/memutils.av5T(memutils_cmem.ov5T)
 .glue_7t       0x0003c87c        0x0 /home/qxd/dm365/dvsdk_dm365_4_02_00_06/linuxutils_2_26_01_02/packages/ti/sdo/linuxutils/cmem/lib/cmem.a470MV(cmem.o470MV)
 .glue_7t       0x0003c87c        0x0 /home/qxd/dm365/dvsdk_dm365_4_02_00_06/linuxutils_2_26_01_02/packages/ti/sdo/linuxutils/edma/lib/edma.a470MV(edma.o470MV)
 .glue_7t       0x0003c87c        0x0 /opt/4.3.2/bin/../lib/gcc/arm-none-linux-gnueabi/4.3.2/libgcc.a(_udivsi3.o)
 .glue_7t       0x0003c87c        0x0 /opt/4.3.2/bin/../lib/gcc/arm-none-linux-gnueabi/4.3.2/libgcc.a(_divsi3.o)
 .glue_7t       0x0003c87c        0x0 /opt/4.3.2/bin/../lib/gcc/arm-none-linux-gnueabi/4.3.2/libgcc.a(_arm_addsubdf3.o)
 .glue_7t       0x0003c87c        0x0 /opt/4.3.2/bin/../lib/gcc/arm-none-linux-gnueabi/4.3.2/libgcc.a(_arm_muldivdf3.o)
 .glue_7t       0x0003c87c        0x0 /opt/4.3.2/bin/../lib/gcc/arm-none-linux-gnueabi/4.3.2/libgcc.a(_arm_fixunsdfsi.o)
 .glue_7t       0x0003c87c        0x0 /opt/4.3.2/bin/../lib/gcc/arm-none-linux-gnueabi/4.3.2/libgcc.a(_dvmd_lnx.o)
 .glue_7t       0x0003c87c        0x0 /opt/4.3.2/bin/../arm-none-linux-gnueabi/libc/lib/libgcc_s.so
 .glue_7t       0x0003c87c        0x0 /opt/4.3.2/bin/../arm-none-linux-gnueabi/libc/lib/libc.so.6
 .glue_7t       0x0003c87c        0x0 /opt/4.3.2/bin/../arm-none-linux-gnueabi/libc/usr/lib/libc_nonshared.a(elf-init.oS)
 .glue_7t       0x0003c87c        0x0 /opt/4.3.2/bin/../arm-none-linux-gnueabi/libc/usr/lib/libc_nonshared.a(atexit.oS)
 .glue_7t       0x0003c87c        0x0 /opt/4.3.2/bin/../arm-none-linux-gnueabi/libc/lib/ld-linux.so.3
 .glue_7t       0x0003c87c        0x0 /opt/4.3.2/bin/../arm-none-linux-gnueabi/libc/lib/libgcc_s.so
 .glue_7t       0x0003c87c        0x0 /opt/4.3.2/bin/../lib/gcc/arm-none-linux-gnueabi/4.3.2/crtend.o
 .glue_7t       0x0003c87c        0x0 /opt/4.3.2/bin/../arm-none-linux-gnueabi/libc/usr/lib/crtn.o
 *(.glue_7)
 .glue_7        0x0003c87c        0x0 /opt/4.3.2/bin/../arm-none-linux-gnueabi/libc/usr/lib/crt1.o
 .glue_7        0x0003c87c        0x0 /opt/4.3.2/bin/../arm-none-linux-gnueabi/libc/usr/lib/crti.o
 .glue_7        0x0003c87c        0x0 /opt/4.3.2/bin/../lib/gcc/arm-none-linux-gnueabi/4.3.2/crtbegin.o
 .glue_7        0x0003c87c        0x0 /opt/4.3.2/bin/../arm-none-linux-gnueabi/libc/lib/libpthread.so.0
 .glue_7        0x0003c87c        0x0 /opt/4.3.2/bin/../arm-none-linux-gnueabi/libc/usr/lib/libm.so
 .glue_7        0x0003c87c        0x0 appMain.dm365.o470MV